#! /c/Source/iverilog-install/bin/vvp
:ivl_version "14.0 (devel)";
:ivl_delay_selection "TYPICAL";
:vpi_time_precision - 12;
:vpi_module "C:\iverilog\lib\ivl\system.vpi";
:vpi_module "C:\iverilog\lib\ivl\vhdl_sys.vpi";
:vpi_module "C:\iverilog\lib\ivl\vhdl_textio.vpi";
:vpi_module "C:\iverilog\lib\ivl\v2005_math.vpi";
:vpi_module "C:\iverilog\lib\ivl\va_math.vpi";
S_000001B13B661FD0 .scope module, "mux4to1_tb" "mux4to1_tb" 2 3;
 .timescale -9 -12;
v000001B13B63BFF0_0 .var "I", 3 0;
v000001B13B63C090_0 .var "S", 1 0;
v000001B13B63C130_0 .net "Y", 0 0, v000001B13B661D90_0;  1 drivers
S_000001B13B662160 .scope module, "uut" "mux4to1" 2 11, 3 1 0, S_000001B13B661FD0;
 .timescale 0 0;
    .port_info 0 /INPUT 4 "I";
    .port_info 1 /INPUT 2 "S";
    .port_info 2 /OUTPUT 1 "Y";
v000001B13B661CF0_0 .net "I", 3 0, v000001B13B63BFF0_0;  1 drivers
v000001B13B679A40_0 .net "S", 1 0, v000001B13B63C090_0;  1 drivers
v000001B13B661D90_0 .var "Y", 0 0;
E_000001B13B67B430 .event anyedge, v000001B13B679A40_0, v000001B13B661CF0_0;
    .scope S_000001B13B662160;
T_0 ;
    %wait E_000001B13B67B430;
    %load/vec4 v000001B13B679A40_0;
    %dup/vec4;
    %pushi/vec4 0, 0, 2;
    %cmp/e;
    %jmp/1 T_0.0, 6;
    %dup/vec4;
    %pushi/vec4 1, 0, 2;
    %cmp/e;
    %jmp/1 T_0.1, 6;
    %dup/vec4;
    %pushi/vec4 2, 0, 2;
    %cmp/e;
    %jmp/1 T_0.2, 6;
    %dup/vec4;
    %pushi/vec4 3, 0, 2;
    %cmp/e;
    %jmp/1 T_0.3, 6;
    %pushi/vec4 0, 0, 1;
    %store/vec4 v000001B13B661D90_0, 0, 1;
    %jmp T_0.5;
T_0.0 ;
    %load/vec4 v000001B13B661CF0_0;
    %parti/s 1, 0, 2;
    %store/vec4 v000001B13B661D90_0, 0, 1;
    %jmp T_0.5;
T_0.1 ;
    %load/vec4 v000001B13B661CF0_0;
    %parti/s 1, 1, 2;
    %store/vec4 v000001B13B661D90_0, 0, 1;
    %jmp T_0.5;
T_0.2 ;
    %load/vec4 v000001B13B661CF0_0;
    %parti/s 1, 2, 3;
    %store/vec4 v000001B13B661D90_0, 0, 1;
    %jmp T_0.5;
T_0.3 ;
    %load/vec4 v000001B13B661CF0_0;
    %parti/s 1, 3, 3;
    %store/vec4 v000001B13B661D90_0, 0, 1;
    %jmp T_0.5;
T_0.5 ;
    %pop/vec4 1;
    %jmp T_0;
    .thread T_0, $push;
    .scope S_000001B13B661FD0;
T_1 ;
    %vpi_call 2 20 "$dumpfile", "mux4to1.vcd" {0 0 0};
    %vpi_call 2 21 "$dumpvars", 32'sb00000000000000000000000000000000, S_000001B13B661FD0 {0 0 0};
    %vpi_call 2 23 "$monitor", "Time=%0t | I=%b | S=%b | Y=%b", $time, v000001B13B63BFF0_0, v000001B13B63C090_0, v000001B13B63C130_0 {0 0 0};
    %pushi/vec4 10, 0, 4;
    %store/vec4 v000001B13B63BFF0_0, 0, 4;
    %pushi/vec4 0, 0, 2;
    %store/vec4 v000001B13B63C090_0, 0, 2;
    %delay 10000, 0;
    %pushi/vec4 1, 0, 2;
    %store/vec4 v000001B13B63C090_0, 0, 2;
    %delay 10000, 0;
    %pushi/vec4 2, 0, 2;
    %store/vec4 v000001B13B63C090_0, 0, 2;
    %delay 10000, 0;
    %pushi/vec4 3, 0, 2;
    %store/vec4 v000001B13B63C090_0, 0, 2;
    %delay 10000, 0;
    %pushi/vec4 13, 0, 4;
    %store/vec4 v000001B13B63BFF0_0, 0, 4;
    %pushi/vec4 0, 0, 2;
    %store/vec4 v000001B13B63C090_0, 0, 2;
    %delay 10000, 0;
    %pushi/vec4 1, 0, 2;
    %store/vec4 v000001B13B63C090_0, 0, 2;
    %delay 10000, 0;
    %pushi/vec4 2, 0, 2;
    %store/vec4 v000001B13B63C090_0, 0, 2;
    %delay 10000, 0;
    %pushi/vec4 3, 0, 2;
    %store/vec4 v000001B13B63C090_0, 0, 2;
    %delay 10000, 0;
    %vpi_call 2 65 "$finish" {0 0 0};
    %end;
    .thread T_1;
# The file index is used to find the file name in the following table.
:file_names 4;
    "N/A";
    "<interactive>";
    "testbench.v";
    "module.v";
