#! /c/Source/iverilog-install/bin/vvp
:ivl_version "14.0 (devel)";
:ivl_delay_selection "TYPICAL";
:vpi_time_precision - 12;
:vpi_module "C:\iverilog\lib\ivl\system.vpi";
:vpi_module "C:\iverilog\lib\ivl\vhdl_sys.vpi";
:vpi_module "C:\iverilog\lib\ivl\vhdl_textio.vpi";
:vpi_module "C:\iverilog\lib\ivl\v2005_math.vpi";
:vpi_module "C:\iverilog\lib\ivl\va_math.vpi";
S_000001A9CF377DE0 .scope module, "full_subtractor_tb" "full_subtractor_tb" 2 4;
 .timescale -9 -12;
v000001A9CF3865B0_0 .var "a", 0 0;
v000001A9CF386B50_0 .var "b", 0 0;
v000001A9CF3863D0_0 .var "bin", 0 0;
v000001A9CF386970_0 .net "bout", 0 0, L_000001A9CF38E4F0;  1 drivers
v000001A9CF3866F0_0 .net "diff", 0 0, L_000001A9CF38E9C0;  1 drivers
S_000001A9CF376BE0 .scope module, "uut" "full_subtractor" 2 16, 3 2 0, S_000001A9CF377DE0;
 .timescale 0 0;
    .port_info 0 /INPUT 1 "a";
    .port_info 1 /INPUT 1 "b";
    .port_info 2 /INPUT 1 "bin";
    .port_info 3 /OUTPUT 1 "diff";
    .port_info 4 /OUTPUT 1 "bout";
L_000001A9CF38E720 .functor XOR 1, v000001A9CF3865B0_0, v000001A9CF386B50_0, C4<0>, C4<0>;
L_000001A9CF38E9C0 .functor XOR 1, L_000001A9CF38E720, v000001A9CF3863D0_0, C4<0>, C4<0>;
L_000001A9CF38E800 .functor NOT 1, v000001A9CF3865B0_0, C4<0>, C4<0>, C4<0>;
L_000001A9CF38E640 .functor AND 1, L_000001A9CF38E800, v000001A9CF386B50_0, C4<1>, C4<1>;
L_000001A9CF38E6B0 .functor XOR 1, v000001A9CF3865B0_0, v000001A9CF386B50_0, C4<0>, C4<0>;
L_000001A9CF38E480 .functor NOT 1, L_000001A9CF38E6B0, C4<0>, C4<0>, C4<0>;
L_000001A9CF38E3A0 .functor AND 1, L_000001A9CF38E480, v000001A9CF3863D0_0, C4<1>, C4<1>;
L_000001A9CF38E4F0 .functor OR 1, L_000001A9CF38E640, L_000001A9CF38E3A0, C4<0>, C4<0>;
v000001A9CF374760_0 .net *"_ivl_0", 0 0, L_000001A9CF38E720;  1 drivers
v000001A9CF385ED0_0 .net *"_ivl_10", 0 0, L_000001A9CF38E480;  1 drivers
v000001A9CF386330_0 .net *"_ivl_12", 0 0, L_000001A9CF38E3A0;  1 drivers
v000001A9CF386010_0 .net *"_ivl_4", 0 0, L_000001A9CF38E800;  1 drivers
v000001A9CF386AB0_0 .net *"_ivl_6", 0 0, L_000001A9CF38E640;  1 drivers
v000001A9CF386790_0 .net *"_ivl_8", 0 0, L_000001A9CF38E6B0;  1 drivers
v000001A9CF386650_0 .net "a", 0 0, v000001A9CF3865B0_0;  1 drivers
v000001A9CF385F70_0 .net "b", 0 0, v000001A9CF386B50_0;  1 drivers
v000001A9CF386830_0 .net "bin", 0 0, v000001A9CF3863D0_0;  1 drivers
v000001A9CF3868D0_0 .net "bout", 0 0, L_000001A9CF38E4F0;  alias, 1 drivers
v000001A9CF386470_0 .net "diff", 0 0, L_000001A9CF38E9C0;  alias, 1 drivers
    .scope S_000001A9CF377DE0;
T_0 ;
    %vpi_call 2 21 "$dumpfile", "full_subtractor_wave.vcd" {0 0 0};
    %vpi_call 2 22 "$dumpvars", 32'sb00000000000000000000000000000000, S_000001A9CF377DE0 {0 0 0};
    %vpi_call 2 25 "$display", "Time\011 A \011 B \011 Bin \011 Diff \011 Bout" {0 0 0};
    %vpi_call 2 26 "$display", "---------------------------------------------" {0 0 0};
    %vpi_call 2 29 "$monitor", "%4pt\011 %b \011 %b \011  %b  \011  %b   \011  %b", $time, v000001A9CF3865B0_0, v000001A9CF386B50_0, v000001A9CF3863D0_0, v000001A9CF3866F0_0, v000001A9CF386970_0 {0 0 0};
    %pushi/vec4 0, 0, 1;
    %store/vec4 v000001A9CF3865B0_0, 0, 1;
    %pushi/vec4 0, 0, 1;
    %store/vec4 v000001A9CF386B50_0, 0, 1;
    %pushi/vec4 0, 0, 1;
    %store/vec4 v000001A9CF3863D0_0, 0, 1;
    %delay 10000, 0;
    %pushi/vec4 0, 0, 1;
    %store/vec4 v000001A9CF3865B0_0, 0, 1;
    %pushi/vec4 0, 0, 1;
    %store/vec4 v000001A9CF386B50_0, 0, 1;
    %pushi/vec4 1, 0, 1;
    %store/vec4 v000001A9CF3863D0_0, 0, 1;
    %delay 10000, 0;
    %pushi/vec4 0, 0, 1;
    %store/vec4 v000001A9CF3865B0_0, 0, 1;
    %pushi/vec4 1, 0, 1;
    %store/vec4 v000001A9CF386B50_0, 0, 1;
    %pushi/vec4 0, 0, 1;
    %store/vec4 v000001A9CF3863D0_0, 0, 1;
    %delay 10000, 0;
    %pushi/vec4 0, 0, 1;
    %store/vec4 v000001A9CF3865B0_0, 0, 1;
    %pushi/vec4 1, 0, 1;
    %store/vec4 v000001A9CF386B50_0, 0, 1;
    %pushi/vec4 1, 0, 1;
    %store/vec4 v000001A9CF3863D0_0, 0, 1;
    %delay 10000, 0;
    %pushi/vec4 1, 0, 1;
    %store/vec4 v000001A9CF3865B0_0, 0, 1;
    %pushi/vec4 0, 0, 1;
    %store/vec4 v000001A9CF386B50_0, 0, 1;
    %pushi/vec4 0, 0, 1;
    %store/vec4 v000001A9CF3863D0_0, 0, 1;
    %delay 10000, 0;
    %pushi/vec4 1, 0, 1;
    %store/vec4 v000001A9CF3865B0_0, 0, 1;
    %pushi/vec4 0, 0, 1;
    %store/vec4 v000001A9CF386B50_0, 0, 1;
    %pushi/vec4 1, 0, 1;
    %store/vec4 v000001A9CF3863D0_0, 0, 1;
    %delay 10000, 0;
    %pushi/vec4 1, 0, 1;
    %store/vec4 v000001A9CF3865B0_0, 0, 1;
    %pushi/vec4 1, 0, 1;
    %store/vec4 v000001A9CF386B50_0, 0, 1;
    %pushi/vec4 0, 0, 1;
    %store/vec4 v000001A9CF3863D0_0, 0, 1;
    %delay 10000, 0;
    %pushi/vec4 1, 0, 1;
    %store/vec4 v000001A9CF3865B0_0, 0, 1;
    %pushi/vec4 1, 0, 1;
    %store/vec4 v000001A9CF386B50_0, 0, 1;
    %pushi/vec4 1, 0, 1;
    %store/vec4 v000001A9CF3863D0_0, 0, 1;
    %delay 10000, 0;
    %vpi_call 2 42 "$finish" {0 0 0};
    %end;
    .thread T_0;
# The file index is used to find the file name in the following table.
:file_names 4;
    "N/A";
    "<interactive>";
    "testbench.v";
    "module.v";
