#! /c/Source/iverilog-install/bin/vvp
:ivl_version "14.0 (devel)";
:ivl_delay_selection "TYPICAL";
:vpi_time_precision - 12;
:vpi_module "C:\iverilog\lib\ivl\system.vpi";
:vpi_module "C:\iverilog\lib\ivl\vhdl_sys.vpi";
:vpi_module "C:\iverilog\lib\ivl\vhdl_textio.vpi";
:vpi_module "C:\iverilog\lib\ivl\v2005_math.vpi";
:vpi_module "C:\iverilog\lib\ivl\va_math.vpi";
S_000001F622894D20 .scope module, "mux8to1_tb" "mux8to1_tb" 2 3;
 .timescale -9 -12;
v000001F62286C010_0 .var "I", 7 0;
v000001F62286C0B0_0 .var "S", 2 0;
v000001F62286C150_0 .net "Y", 0 0, v000001F622894AE0_0;  1 drivers
S_000001F622894EB0 .scope module, "uut" "mux8to1" 2 11, 3 1 0, S_000001F622894D20;
 .timescale 0 0;
    .port_info 0 /INPUT 8 "I";
    .port_info 1 /INPUT 3 "S";
    .port_info 2 /OUTPUT 1 "Y";
v000001F622894A40_0 .net "I", 7 0, v000001F62286C010_0;  1 drivers
v000001F6228A9A60_0 .net "S", 2 0, v000001F62286C0B0_0;  1 drivers
v000001F622894AE0_0 .var "Y", 0 0;
E_000001F622892160 .event anyedge, v000001F6228A9A60_0, v000001F622894A40_0;
    .scope S_000001F622894EB0;
T_0 ;
    %wait E_000001F622892160;
    %load/vec4 v000001F6228A9A60_0;
    %dup/vec4;
    %pushi/vec4 0, 0, 3;
    %cmp/e;
    %jmp/1 T_0.0, 6;
    %dup/vec4;
    %pushi/vec4 1, 0, 3;
    %cmp/e;
    %jmp/1 T_0.1, 6;
    %dup/vec4;
    %pushi/vec4 2, 0, 3;
    %cmp/e;
    %jmp/1 T_0.2, 6;
    %dup/vec4;
    %pushi/vec4 3, 0, 3;
    %cmp/e;
    %jmp/1 T_0.3, 6;
    %dup/vec4;
    %pushi/vec4 4, 0, 3;
    %cmp/e;
    %jmp/1 T_0.4, 6;
    %dup/vec4;
    %pushi/vec4 5, 0, 3;
    %cmp/e;
    %jmp/1 T_0.5, 6;
    %dup/vec4;
    %pushi/vec4 6, 0, 3;
    %cmp/e;
    %jmp/1 T_0.6, 6;
    %dup/vec4;
    %pushi/vec4 7, 0, 3;
    %cmp/e;
    %jmp/1 T_0.7, 6;
    %pushi/vec4 0, 0, 1;
    %store/vec4 v000001F622894AE0_0, 0, 1;
    %jmp T_0.9;
T_0.0 ;
    %load/vec4 v000001F622894A40_0;
    %parti/s 1, 0, 2;
    %store/vec4 v000001F622894AE0_0, 0, 1;
    %jmp T_0.9;
T_0.1 ;
    %load/vec4 v000001F622894A40_0;
    %parti/s 1, 1, 2;
    %store/vec4 v000001F622894AE0_0, 0, 1;
    %jmp T_0.9;
T_0.2 ;
    %load/vec4 v000001F622894A40_0;
    %parti/s 1, 2, 3;
    %store/vec4 v000001F622894AE0_0, 0, 1;
    %jmp T_0.9;
T_0.3 ;
    %load/vec4 v000001F622894A40_0;
    %parti/s 1, 3, 3;
    %store/vec4 v000001F622894AE0_0, 0, 1;
    %jmp T_0.9;
T_0.4 ;
    %load/vec4 v000001F622894A40_0;
    %parti/s 1, 4, 4;
    %store/vec4 v000001F622894AE0_0, 0, 1;
    %jmp T_0.9;
T_0.5 ;
    %load/vec4 v000001F622894A40_0;
    %parti/s 1, 5, 4;
    %store/vec4 v000001F622894AE0_0, 0, 1;
    %jmp T_0.9;
T_0.6 ;
    %load/vec4 v000001F622894A40_0;
    %parti/s 1, 6, 4;
    %store/vec4 v000001F622894AE0_0, 0, 1;
    %jmp T_0.9;
T_0.7 ;
    %load/vec4 v000001F622894A40_0;
    %parti/s 1, 7, 4;
    %store/vec4 v000001F622894AE0_0, 0, 1;
    %jmp T_0.9;
T_0.9 ;
    %pop/vec4 1;
    %jmp T_0;
    .thread T_0, $push;
    .scope S_000001F622894D20;
T_1 ;
    %vpi_call 2 20 "$dumpfile", "mux8to1.vcd" {0 0 0};
    %vpi_call 2 21 "$dumpvars", 32'sb00000000000000000000000000000000, S_000001F622894D20 {0 0 0};
    %vpi_call 2 23 "$monitor", "Time=%0t | I=%b | S=%b | Y=%b", $time, v000001F62286C010_0, v000001F62286C0B0_0, v000001F62286C150_0 {0 0 0};
    %pushi/vec4 182, 0, 8;
    %store/vec4 v000001F62286C010_0, 0, 8;
    %pushi/vec4 0, 0, 3;
    %store/vec4 v000001F62286C0B0_0, 0, 3;
    %delay 10000, 0;
    %pushi/vec4 1, 0, 3;
    %store/vec4 v000001F62286C0B0_0, 0, 3;
    %delay 10000, 0;
    %pushi/vec4 2, 0, 3;
    %store/vec4 v000001F62286C0B0_0, 0, 3;
    %delay 10000, 0;
    %pushi/vec4 3, 0, 3;
    %store/vec4 v000001F62286C0B0_0, 0, 3;
    %delay 10000, 0;
    %pushi/vec4 4, 0, 3;
    %store/vec4 v000001F62286C0B0_0, 0, 3;
    %delay 10000, 0;
    %pushi/vec4 5, 0, 3;
    %store/vec4 v000001F62286C0B0_0, 0, 3;
    %delay 10000, 0;
    %pushi/vec4 6, 0, 3;
    %store/vec4 v000001F62286C0B0_0, 0, 3;
    %delay 10000, 0;
    %pushi/vec4 7, 0, 3;
    %store/vec4 v000001F62286C0B0_0, 0, 3;
    %delay 10000, 0;
    %pushi/vec4 201, 0, 8;
    %store/vec4 v000001F62286C010_0, 0, 8;
    %pushi/vec4 0, 0, 3;
    %store/vec4 v000001F62286C0B0_0, 0, 3;
    %delay 10000, 0;
    %pushi/vec4 1, 0, 3;
    %store/vec4 v000001F62286C0B0_0, 0, 3;
    %delay 10000, 0;
    %pushi/vec4 2, 0, 3;
    %store/vec4 v000001F62286C0B0_0, 0, 3;
    %delay 10000, 0;
    %pushi/vec4 3, 0, 3;
    %store/vec4 v000001F62286C0B0_0, 0, 3;
    %delay 10000, 0;
    %pushi/vec4 4, 0, 3;
    %store/vec4 v000001F62286C0B0_0, 0, 3;
    %delay 10000, 0;
    %pushi/vec4 5, 0, 3;
    %store/vec4 v000001F62286C0B0_0, 0, 3;
    %delay 10000, 0;
    %pushi/vec4 6, 0, 3;
    %store/vec4 v000001F62286C0B0_0, 0, 3;
    %delay 10000, 0;
    %pushi/vec4 7, 0, 3;
    %store/vec4 v000001F62286C0B0_0, 0, 3;
    %delay 10000, 0;
    %vpi_call 2 89 "$finish" {0 0 0};
    %end;
    .thread T_1;
# The file index is used to find the file name in the following table.
:file_names 4;
    "N/A";
    "<interactive>";
    "testbench.v";
    "module.v";
