#! /c/Source/iverilog-install/bin/vvp
:ivl_version "14.0 (devel)";
:ivl_delay_selection "TYPICAL";
:vpi_time_precision - 12;
:vpi_module "C:\iverilog\lib\ivl\system.vpi";
:vpi_module "C:\iverilog\lib\ivl\vhdl_sys.vpi";
:vpi_module "C:\iverilog\lib\ivl\vhdl_textio.vpi";
:vpi_module "C:\iverilog\lib\ivl\v2005_math.vpi";
:vpi_module "C:\iverilog\lib\ivl\va_math.vpi";
S_000001EA921B30E0 .scope module, "decoder_tb" "decoder_tb" 2 3;
 .timescale -9 -12;
v000001EA9218C3F0_0 .var "A", 1 0;
v000001EA921B2E00_0 .net "Y", 3 0, v000001EA921B3310_0;  1 drivers
S_000001EA921C81A0 .scope module, "uut" "decoder" 2 9, 3 1 0, S_000001EA921B30E0;
 .timescale 0 0;
    .port_info 0 /INPUT 2 "A";
    .port_info 1 /OUTPUT 4 "Y";
v000001EA921B3270_0 .net "A", 1 0, v000001EA9218C3F0_0;  1 drivers
v000001EA921B3310_0 .var "Y", 3 0;
E_000001EA921B2200 .event anyedge, v000001EA921B3270_0;
    .scope S_000001EA921C81A0;
T_0 ;
    %wait E_000001EA921B2200;
    %load/vec4 v000001EA921B3270_0;
    %dup/vec4;
    %pushi/vec4 0, 0, 2;
    %cmp/e;
    %jmp/1 T_0.0, 6;
    %dup/vec4;
    %pushi/vec4 1, 0, 2;
    %cmp/e;
    %jmp/1 T_0.1, 6;
    %dup/vec4;
    %pushi/vec4 2, 0, 2;
    %cmp/e;
    %jmp/1 T_0.2, 6;
    %dup/vec4;
    %pushi/vec4 3, 0, 2;
    %cmp/e;
    %jmp/1 T_0.3, 6;
    %pushi/vec4 0, 0, 4;
    %store/vec4 v000001EA921B3310_0, 0, 4;
    %jmp T_0.5;
T_0.0 ;
    %pushi/vec4 1, 0, 4;
    %store/vec4 v000001EA921B3310_0, 0, 4;
    %jmp T_0.5;
T_0.1 ;
    %pushi/vec4 2, 0, 4;
    %store/vec4 v000001EA921B3310_0, 0, 4;
    %jmp T_0.5;
T_0.2 ;
    %pushi/vec4 4, 0, 4;
    %store/vec4 v000001EA921B3310_0, 0, 4;
    %jmp T_0.5;
T_0.3 ;
    %pushi/vec4 8, 0, 4;
    %store/vec4 v000001EA921B3310_0, 0, 4;
    %jmp T_0.5;
T_0.5 ;
    %pop/vec4 1;
    %jmp T_0;
    .thread T_0, $push;
    .scope S_000001EA921B30E0;
T_1 ;
    %vpi_call 2 17 "$dumpfile", "decoder.vcd" {0 0 0};
    %vpi_call 2 18 "$dumpvars", 32'sb00000000000000000000000000000000, S_000001EA921B30E0 {0 0 0};
    %vpi_call 2 20 "$monitor", "Time=%0t | A=%b | Y=%b", $time, v000001EA9218C3F0_0, v000001EA921B2E00_0 {0 0 0};
    %pushi/vec4 0, 0, 2;
    %store/vec4 v000001EA9218C3F0_0, 0, 2;
    %delay 10000, 0;
    %pushi/vec4 1, 0, 2;
    %store/vec4 v000001EA9218C3F0_0, 0, 2;
    %delay 10000, 0;
    %pushi/vec4 2, 0, 2;
    %store/vec4 v000001EA9218C3F0_0, 0, 2;
    %delay 10000, 0;
    %pushi/vec4 3, 0, 2;
    %store/vec4 v000001EA9218C3F0_0, 0, 2;
    %delay 10000, 0;
    %vpi_call 2 39 "$finish" {0 0 0};
    %end;
    .thread T_1;
# The file index is used to find the file name in the following table.
:file_names 4;
    "N/A";
    "<interactive>";
    "testbench.v";
    "module.v";
