#! /c/Source/iverilog-install/bin/vvp
:ivl_version "14.0 (devel)";
:ivl_delay_selection "TYPICAL";
:vpi_time_precision - 12;
:vpi_module "C:\iverilog\lib\ivl\system.vpi";
:vpi_module "C:\iverilog\lib\ivl\vhdl_sys.vpi";
:vpi_module "C:\iverilog\lib\ivl\vhdl_textio.vpi";
:vpi_module "C:\iverilog\lib\ivl\v2005_math.vpi";
:vpi_module "C:\iverilog\lib\ivl\va_math.vpi";
S_000001FE99D133A0 .scope module, "binary_to_bcd_tb" "binary_to_bcd_tb" 2 3;
 .timescale -9 -12;
v000001FE99CEBB60_0 .net "bcd", 7 0, v000001FE99D13530_0;  1 drivers
v000001FE99D13990_0 .var "binary", 3 0;
S_000001FE99D13800 .scope module, "uut" "binary_to_bcd" 2 9, 3 1 0, S_000001FE99D133A0;
 .timescale 0 0;
    .port_info 0 /INPUT 4 "binary";
    .port_info 1 /OUTPUT 8 "bcd";
v000001FE99D13530_0 .var "bcd", 7 0;
v000001FE99D29610_0 .net "binary", 3 0, v000001FE99D13990_0;  1 drivers
E_000001FE99D11DB0 .event anyedge, v000001FE99D29610_0;
    .scope S_000001FE99D13800;
T_0 ;
    %wait E_000001FE99D11DB0;
    %load/vec4 v000001FE99D29610_0;
    %dup/vec4;
    %pushi/vec4 0, 0, 4;
    %cmp/e;
    %jmp/1 T_0.0, 6;
    %dup/vec4;
    %pushi/vec4 1, 0, 4;
    %cmp/e;
    %jmp/1 T_0.1, 6;
    %dup/vec4;
    %pushi/vec4 2, 0, 4;
    %cmp/e;
    %jmp/1 T_0.2, 6;
    %dup/vec4;
    %pushi/vec4 3, 0, 4;
    %cmp/e;
    %jmp/1 T_0.3, 6;
    %dup/vec4;
    %pushi/vec4 4, 0, 4;
    %cmp/e;
    %jmp/1 T_0.4, 6;
    %dup/vec4;
    %pushi/vec4 5, 0, 4;
    %cmp/e;
    %jmp/1 T_0.5, 6;
    %dup/vec4;
    %pushi/vec4 6, 0, 4;
    %cmp/e;
    %jmp/1 T_0.6, 6;
    %dup/vec4;
    %pushi/vec4 7, 0, 4;
    %cmp/e;
    %jmp/1 T_0.7, 6;
    %dup/vec4;
    %pushi/vec4 8, 0, 4;
    %cmp/e;
    %jmp/1 T_0.8, 6;
    %dup/vec4;
    %pushi/vec4 9, 0, 4;
    %cmp/e;
    %jmp/1 T_0.9, 6;
    %dup/vec4;
    %pushi/vec4 10, 0, 4;
    %cmp/e;
    %jmp/1 T_0.10, 6;
    %dup/vec4;
    %pushi/vec4 11, 0, 4;
    %cmp/e;
    %jmp/1 T_0.11, 6;
    %dup/vec4;
    %pushi/vec4 12, 0, 4;
    %cmp/e;
    %jmp/1 T_0.12, 6;
    %dup/vec4;
    %pushi/vec4 13, 0, 4;
    %cmp/e;
    %jmp/1 T_0.13, 6;
    %dup/vec4;
    %pushi/vec4 14, 0, 4;
    %cmp/e;
    %jmp/1 T_0.14, 6;
    %dup/vec4;
    %pushi/vec4 15, 0, 4;
    %cmp/e;
    %jmp/1 T_0.15, 6;
    %pushi/vec4 0, 0, 8;
    %store/vec4 v000001FE99D13530_0, 0, 8;
    %jmp T_0.17;
T_0.0 ;
    %pushi/vec4 0, 0, 8;
    %store/vec4 v000001FE99D13530_0, 0, 8;
    %jmp T_0.17;
T_0.1 ;
    %pushi/vec4 1, 0, 8;
    %store/vec4 v000001FE99D13530_0, 0, 8;
    %jmp T_0.17;
T_0.2 ;
    %pushi/vec4 2, 0, 8;
    %store/vec4 v000001FE99D13530_0, 0, 8;
    %jmp T_0.17;
T_0.3 ;
    %pushi/vec4 3, 0, 8;
    %store/vec4 v000001FE99D13530_0, 0, 8;
    %jmp T_0.17;
T_0.4 ;
    %pushi/vec4 4, 0, 8;
    %store/vec4 v000001FE99D13530_0, 0, 8;
    %jmp T_0.17;
T_0.5 ;
    %pushi/vec4 5, 0, 8;
    %store/vec4 v000001FE99D13530_0, 0, 8;
    %jmp T_0.17;
T_0.6 ;
    %pushi/vec4 6, 0, 8;
    %store/vec4 v000001FE99D13530_0, 0, 8;
    %jmp T_0.17;
T_0.7 ;
    %pushi/vec4 7, 0, 8;
    %store/vec4 v000001FE99D13530_0, 0, 8;
    %jmp T_0.17;
T_0.8 ;
    %pushi/vec4 8, 0, 8;
    %store/vec4 v000001FE99D13530_0, 0, 8;
    %jmp T_0.17;
T_0.9 ;
    %pushi/vec4 9, 0, 8;
    %store/vec4 v000001FE99D13530_0, 0, 8;
    %jmp T_0.17;
T_0.10 ;
    %pushi/vec4 16, 0, 8;
    %store/vec4 v000001FE99D13530_0, 0, 8;
    %jmp T_0.17;
T_0.11 ;
    %pushi/vec4 17, 0, 8;
    %store/vec4 v000001FE99D13530_0, 0, 8;
    %jmp T_0.17;
T_0.12 ;
    %pushi/vec4 18, 0, 8;
    %store/vec4 v000001FE99D13530_0, 0, 8;
    %jmp T_0.17;
T_0.13 ;
    %pushi/vec4 19, 0, 8;
    %store/vec4 v000001FE99D13530_0, 0, 8;
    %jmp T_0.17;
T_0.14 ;
    %pushi/vec4 20, 0, 8;
    %store/vec4 v000001FE99D13530_0, 0, 8;
    %jmp T_0.17;
T_0.15 ;
    %pushi/vec4 21, 0, 8;
    %store/vec4 v000001FE99D13530_0, 0, 8;
    %jmp T_0.17;
T_0.17 ;
    %pop/vec4 1;
    %jmp T_0;
    .thread T_0, $push;
    .scope S_000001FE99D133A0;
T_1 ;
    %vpi_call 2 17 "$dumpfile", "binary_to_bcd.vcd" {0 0 0};
    %vpi_call 2 18 "$dumpvars", 32'sb00000000000000000000000000000000, S_000001FE99D133A0 {0 0 0};
    %vpi_call 2 20 "$monitor", "Time=%0t | Binary=%b (%0d) | BCD=%b", $time, v000001FE99D13990_0, v000001FE99D13990_0, v000001FE99CEBB60_0 {0 0 0};
    %pushi/vec4 0, 0, 4;
    %store/vec4 v000001FE99D13990_0, 0, 4;
    %delay 10000, 0;
    %pushi/vec4 1, 0, 4;
    %store/vec4 v000001FE99D13990_0, 0, 4;
    %delay 10000, 0;
    %pushi/vec4 5, 0, 4;
    %store/vec4 v000001FE99D13990_0, 0, 4;
    %delay 10000, 0;
    %pushi/vec4 9, 0, 4;
    %store/vec4 v000001FE99D13990_0, 0, 4;
    %delay 10000, 0;
    %pushi/vec4 10, 0, 4;
    %store/vec4 v000001FE99D13990_0, 0, 4;
    %delay 10000, 0;
    %pushi/vec4 11, 0, 4;
    %store/vec4 v000001FE99D13990_0, 0, 4;
    %delay 10000, 0;
    %pushi/vec4 12, 0, 4;
    %store/vec4 v000001FE99D13990_0, 0, 4;
    %delay 10000, 0;
    %pushi/vec4 13, 0, 4;
    %store/vec4 v000001FE99D13990_0, 0, 4;
    %delay 10000, 0;
    %pushi/vec4 14, 0, 4;
    %store/vec4 v000001FE99D13990_0, 0, 4;
    %delay 10000, 0;
    %pushi/vec4 15, 0, 4;
    %store/vec4 v000001FE99D13990_0, 0, 4;
    %delay 10000, 0;
    %vpi_call 2 63 "$finish" {0 0 0};
    %end;
    .thread T_1;
# The file index is used to find the file name in the following table.
:file_names 4;
    "N/A";
    "<interactive>";
    "testbench.v";
    "module.v";
