#! /c/Source/iverilog-install/bin/vvp
:ivl_version "14.0 (devel)";
:ivl_delay_selection "TYPICAL";
:vpi_time_precision - 12;
:vpi_module "C:\iverilog\lib\ivl\system.vpi";
:vpi_module "C:\iverilog\lib\ivl\vhdl_sys.vpi";
:vpi_module "C:\iverilog\lib\ivl\vhdl_textio.vpi";
:vpi_module "C:\iverilog\lib\ivl\v2005_math.vpi";
:vpi_module "C:\iverilog\lib\ivl\va_math.vpi";
S_0000023D7ADCFAF0 .scope module, "binary_to_gray_tb" "binary_to_gray_tb" 2 3;
 .timescale -9 -12;
v0000023D7ADC9B30_0 .var "binary", 3 0;
v0000023D7ADB3980_0 .net "gray", 3 0, v0000023D7AD8C970_0;  1 drivers
S_0000023D7ADB37F0 .scope module, "uut" "binary_to_gray" 2 9, 3 1 0, S_0000023D7ADCFAF0;
 .timescale 0 0;
    .port_info 0 /INPUT 4 "binary";
    .port_info 1 /OUTPUT 4 "gray";
v0000023D7ADCFC80_0 .net "binary", 3 0, v0000023D7ADC9B30_0;  1 drivers
v0000023D7AD8C970_0 .var "gray", 3 0;
E_0000023D7ADB34B0 .event anyedge, v0000023D7ADCFC80_0;
    .scope S_0000023D7ADB37F0;
T_0 ;
    %wait E_0000023D7ADB34B0;
    %load/vec4 v0000023D7ADCFC80_0;
    %parti/s 1, 3, 3;
    %ix/load 4, 3, 0;
    %flag_set/imm 4, 0;
    %store/vec4 v0000023D7AD8C970_0, 4, 1;
    %load/vec4 v0000023D7ADCFC80_0;
    %parti/s 1, 3, 3;
    %load/vec4 v0000023D7ADCFC80_0;
    %parti/s 1, 2, 3;
    %xor;
    %ix/load 4, 2, 0;
    %flag_set/imm 4, 0;
    %store/vec4 v0000023D7AD8C970_0, 4, 1;
    %load/vec4 v0000023D7ADCFC80_0;
    %parti/s 1, 2, 3;
    %load/vec4 v0000023D7ADCFC80_0;
    %parti/s 1, 1, 2;
    %xor;
    %ix/load 4, 1, 0;
    %flag_set/imm 4, 0;
    %store/vec4 v0000023D7AD8C970_0, 4, 1;
    %load/vec4 v0000023D7ADCFC80_0;
    %parti/s 1, 1, 2;
    %load/vec4 v0000023D7ADCFC80_0;
    %parti/s 1, 0, 2;
    %xor;
    %ix/load 4, 0, 0;
    %flag_set/imm 4, 0;
    %store/vec4 v0000023D7AD8C970_0, 4, 1;
    %jmp T_0;
    .thread T_0, $push;
    .scope S_0000023D7ADCFAF0;
T_1 ;
    %vpi_call 2 17 "$dumpfile", "binary_to_gray.vcd" {0 0 0};
    %vpi_call 2 18 "$dumpvars", 32'sb00000000000000000000000000000000, S_0000023D7ADCFAF0 {0 0 0};
    %vpi_call 2 20 "$monitor", "Time=%0t | Binary=%b (%0d) | Gray=%b", $time, v0000023D7ADC9B30_0, v0000023D7ADC9B30_0, v0000023D7ADB3980_0 {0 0 0};
    %pushi/vec4 0, 0, 4;
    %store/vec4 v0000023D7ADC9B30_0, 0, 4;
    %delay 10000, 0;
    %pushi/vec4 1, 0, 4;
    %store/vec4 v0000023D7ADC9B30_0, 0, 4;
    %delay 10000, 0;
    %pushi/vec4 2, 0, 4;
    %store/vec4 v0000023D7ADC9B30_0, 0, 4;
    %delay 10000, 0;
    %pushi/vec4 3, 0, 4;
    %store/vec4 v0000023D7ADC9B30_0, 0, 4;
    %delay 10000, 0;
    %pushi/vec4 4, 0, 4;
    %store/vec4 v0000023D7ADC9B30_0, 0, 4;
    %delay 10000, 0;
    %pushi/vec4 5, 0, 4;
    %store/vec4 v0000023D7ADC9B30_0, 0, 4;
    %delay 10000, 0;
    %pushi/vec4 6, 0, 4;
    %store/vec4 v0000023D7ADC9B30_0, 0, 4;
    %delay 10000, 0;
    %pushi/vec4 7, 0, 4;
    %store/vec4 v0000023D7ADC9B30_0, 0, 4;
    %delay 10000, 0;
    %pushi/vec4 8, 0, 4;
    %store/vec4 v0000023D7ADC9B30_0, 0, 4;
    %delay 10000, 0;
    %pushi/vec4 9, 0, 4;
    %store/vec4 v0000023D7ADC9B30_0, 0, 4;
    %delay 10000, 0;
    %pushi/vec4 10, 0, 4;
    %store/vec4 v0000023D7ADC9B30_0, 0, 4;
    %delay 10000, 0;
    %pushi/vec4 11, 0, 4;
    %store/vec4 v0000023D7ADC9B30_0, 0, 4;
    %delay 10000, 0;
    %pushi/vec4 12, 0, 4;
    %store/vec4 v0000023D7ADC9B30_0, 0, 4;
    %delay 10000, 0;
    %pushi/vec4 13, 0, 4;
    %store/vec4 v0000023D7ADC9B30_0, 0, 4;
    %delay 10000, 0;
    %pushi/vec4 14, 0, 4;
    %store/vec4 v0000023D7ADC9B30_0, 0, 4;
    %delay 10000, 0;
    %pushi/vec4 15, 0, 4;
    %store/vec4 v0000023D7ADC9B30_0, 0, 4;
    %delay 10000, 0;
    %vpi_call 2 73 "$finish" {0 0 0};
    %end;
    .thread T_1;
# The file index is used to find the file name in the following table.
:file_names 4;
    "N/A";
    "<interactive>";
    "testbench.v";
    "module.v";
