#! /c/Source/iverilog-install/bin/vvp
:ivl_version "14.0 (devel)";
:ivl_delay_selection "TYPICAL";
:vpi_time_precision - 12;
:vpi_module "C:\iverilog\lib\ivl\system.vpi";
:vpi_module "C:\iverilog\lib\ivl\vhdl_sys.vpi";
:vpi_module "C:\iverilog\lib\ivl\vhdl_textio.vpi";
:vpi_module "C:\iverilog\lib\ivl\v2005_math.vpi";
:vpi_module "C:\iverilog\lib\ivl\va_math.vpi";
S_0000022EA39E2770 .scope module, "magnitude_comparator_tb" "magnitude_comparator_tb" 2 3;
 .timescale -9 -12;
v0000022EA39F9A10_0 .var "A", 3 0;
v0000022EA39F9AB0_0 .net "A_equal", 0 0, v0000022EA39BC2A0_0;  1 drivers
v0000022EA39E41A0_0 .net "A_greater", 0 0, v0000022EA39F9830_0;  1 drivers
v0000022EA39F4E00_0 .net "A_less", 0 0, v0000022EA39F98D0_0;  1 drivers
v0000022EA39F4EA0_0 .var "B", 3 0;
S_0000022EA39F96A0 .scope module, "uut" "magnitude_comparator" 2 13, 3 1 0, S_0000022EA39E2770;
 .timescale 0 0;
    .port_info 0 /INPUT 4 "A";
    .port_info 1 /INPUT 4 "B";
    .port_info 2 /OUTPUT 1 "A_greater";
    .port_info 3 /OUTPUT 1 "A_equal";
    .port_info 4 /OUTPUT 1 "A_less";
v0000022EA39E2980_0 .net "A", 3 0, v0000022EA39F9A10_0;  1 drivers
v0000022EA39BC2A0_0 .var "A_equal", 0 0;
v0000022EA39F9830_0 .var "A_greater", 0 0;
v0000022EA39F98D0_0 .var "A_less", 0 0;
v0000022EA39F9970_0 .net "B", 3 0, v0000022EA39F4EA0_0;  1 drivers
E_0000022EA39E5190 .event anyedge, v0000022EA39E2980_0, v0000022EA39F9970_0;
    .scope S_0000022EA39F96A0;
T_0 ;
    %wait E_0000022EA39E5190;
    %pushi/vec4 0, 0, 1;
    %store/vec4 v0000022EA39F9830_0, 0, 1;
    %pushi/vec4 0, 0, 1;
    %store/vec4 v0000022EA39BC2A0_0, 0, 1;
    %pushi/vec4 0, 0, 1;
    %store/vec4 v0000022EA39F98D0_0, 0, 1;
    %load/vec4 v0000022EA39F9970_0;
    %load/vec4 v0000022EA39E2980_0;
    %cmp/u;
    %jmp/0xz  T_0.0, 5;
    %pushi/vec4 1, 0, 1;
    %store/vec4 v0000022EA39F9830_0, 0, 1;
    %jmp T_0.1;
T_0.0 ;
    %load/vec4 v0000022EA39E2980_0;
    %load/vec4 v0000022EA39F9970_0;
    %cmp/e;
    %jmp/0xz  T_0.2, 4;
    %pushi/vec4 1, 0, 1;
    %store/vec4 v0000022EA39BC2A0_0, 0, 1;
    %jmp T_0.3;
T_0.2 ;
    %pushi/vec4 1, 0, 1;
    %store/vec4 v0000022EA39F98D0_0, 0, 1;
T_0.3 ;
T_0.1 ;
    %jmp T_0;
    .thread T_0, $push;
    .scope S_0000022EA39E2770;
T_1 ;
    %vpi_call 2 24 "$dumpfile", "magnitude_comparator.vcd" {0 0 0};
    %vpi_call 2 25 "$dumpvars", 32'sb00000000000000000000000000000000, S_0000022EA39E2770 {0 0 0};
    %vpi_call 2 27 "$monitor", "Time=%0t | A=%b (%0d) | B=%b (%0d) | A>B=%b | A=B=%b | A<B=%b", $time, v0000022EA39F9A10_0, v0000022EA39F9A10_0, v0000022EA39F4EA0_0, v0000022EA39F4EA0_0, v0000022EA39E41A0_0, v0000022EA39F9AB0_0, v0000022EA39F4E00_0 {0 0 0};
    %pushi/vec4 10, 0, 4;
    %store/vec4 v0000022EA39F9A10_0, 0, 4;
    %pushi/vec4 6, 0, 4;
    %store/vec4 v0000022EA39F4EA0_0, 0, 4;
    %delay 10000, 0;
    %pushi/vec4 3, 0, 4;
    %store/vec4 v0000022EA39F9A10_0, 0, 4;
    %pushi/vec4 9, 0, 4;
    %store/vec4 v0000022EA39F4EA0_0, 0, 4;
    %delay 10000, 0;
    %pushi/vec4 7, 0, 4;
    %store/vec4 v0000022EA39F9A10_0, 0, 4;
    %pushi/vec4 7, 0, 4;
    %store/vec4 v0000022EA39F4EA0_0, 0, 4;
    %delay 10000, 0;
    %pushi/vec4 15, 0, 4;
    %store/vec4 v0000022EA39F9A10_0, 0, 4;
    %pushi/vec4 0, 0, 4;
    %store/vec4 v0000022EA39F4EA0_0, 0, 4;
    %delay 10000, 0;
    %pushi/vec4 1, 0, 4;
    %store/vec4 v0000022EA39F9A10_0, 0, 4;
    %pushi/vec4 14, 0, 4;
    %store/vec4 v0000022EA39F4EA0_0, 0, 4;
    %delay 10000, 0;
    %pushi/vec4 10, 0, 4;
    %store/vec4 v0000022EA39F9A10_0, 0, 4;
    %pushi/vec4 10, 0, 4;
    %store/vec4 v0000022EA39F4EA0_0, 0, 4;
    %delay 10000, 0;
    %vpi_call 2 73 "$finish" {0 0 0};
    %end;
    .thread T_1;
# The file index is used to find the file name in the following table.
:file_names 4;
    "N/A";
    "<interactive>";
    "testbench.v";
    "module.v";
