#! /c/Source/iverilog-install/bin/vvp
:ivl_version "14.0 (devel)";
:ivl_delay_selection "TYPICAL";
:vpi_time_precision - 12;
:vpi_module "C:\iverilog\lib\ivl\system.vpi";
:vpi_module "C:\iverilog\lib\ivl\vhdl_sys.vpi";
:vpi_module "C:\iverilog\lib\ivl\vhdl_textio.vpi";
:vpi_module "C:\iverilog\lib\ivl\v2005_math.vpi";
:vpi_module "C:\iverilog\lib\ivl\va_math.vpi";
S_0000027DF9A53AA0 .scope module, "encoder_tb" "encoder_tb" 2 3;
 .timescale -9 -12;
v0000027DF9A2C940_0 .var "D", 3 0;
v0000027DF9A537C0_0 .net "Y", 1 0, v0000027DF9A53CD0_0;  1 drivers
S_0000027DF9A686F0 .scope module, "uut" "encoder" 2 9, 3 1 0, S_0000027DF9A53AA0;
 .timescale 0 0;
    .port_info 0 /INPUT 4 "D";
    .port_info 1 /OUTPUT 2 "Y";
v0000027DF9A53C30_0 .net "D", 3 0, v0000027DF9A2C940_0;  1 drivers
v0000027DF9A53CD0_0 .var "Y", 1 0;
E_0000027DF9A53000 .event anyedge, v0000027DF9A53C30_0;
    .scope S_0000027DF9A686F0;
T_0 ;
    %wait E_0000027DF9A53000;
    %load/vec4 v0000027DF9A53C30_0;
    %dup/vec4;
    %pushi/vec4 1, 0, 4;
    %cmp/e;
    %jmp/1 T_0.0, 6;
    %dup/vec4;
    %pushi/vec4 2, 0, 4;
    %cmp/e;
    %jmp/1 T_0.1, 6;
    %dup/vec4;
    %pushi/vec4 4, 0, 4;
    %cmp/e;
    %jmp/1 T_0.2, 6;
    %dup/vec4;
    %pushi/vec4 8, 0, 4;
    %cmp/e;
    %jmp/1 T_0.3, 6;
    %pushi/vec4 3, 3, 2;
    %store/vec4 v0000027DF9A53CD0_0, 0, 2;
    %jmp T_0.5;
T_0.0 ;
    %pushi/vec4 0, 0, 2;
    %store/vec4 v0000027DF9A53CD0_0, 0, 2;
    %jmp T_0.5;
T_0.1 ;
    %pushi/vec4 1, 0, 2;
    %store/vec4 v0000027DF9A53CD0_0, 0, 2;
    %jmp T_0.5;
T_0.2 ;
    %pushi/vec4 2, 0, 2;
    %store/vec4 v0000027DF9A53CD0_0, 0, 2;
    %jmp T_0.5;
T_0.3 ;
    %pushi/vec4 3, 0, 2;
    %store/vec4 v0000027DF9A53CD0_0, 0, 2;
    %jmp T_0.5;
T_0.5 ;
    %pop/vec4 1;
    %jmp T_0;
    .thread T_0, $push;
    .scope S_0000027DF9A53AA0;
T_1 ;
    %vpi_call 2 17 "$dumpfile", "encoder.vcd" {0 0 0};
    %vpi_call 2 18 "$dumpvars", 32'sb00000000000000000000000000000000, S_0000027DF9A53AA0 {0 0 0};
    %vpi_call 2 20 "$monitor", "Time=%0t | D=%b | Y=%b", $time, v0000027DF9A2C940_0, v0000027DF9A537C0_0 {0 0 0};
    %pushi/vec4 1, 0, 4;
    %store/vec4 v0000027DF9A2C940_0, 0, 4;
    %delay 10000, 0;
    %pushi/vec4 2, 0, 4;
    %store/vec4 v0000027DF9A2C940_0, 0, 4;
    %delay 10000, 0;
    %pushi/vec4 4, 0, 4;
    %store/vec4 v0000027DF9A2C940_0, 0, 4;
    %delay 10000, 0;
    %pushi/vec4 8, 0, 4;
    %store/vec4 v0000027DF9A2C940_0, 0, 4;
    %delay 10000, 0;
    %pushi/vec4 0, 0, 4;
    %store/vec4 v0000027DF9A2C940_0, 0, 4;
    %delay 10000, 0;
    %pushi/vec4 3, 0, 4;
    %store/vec4 v0000027DF9A2C940_0, 0, 4;
    %delay 10000, 0;
    %vpi_call 2 47 "$finish" {0 0 0};
    %end;
    .thread T_1;
# The file index is used to find the file name in the following table.
:file_names 4;
    "N/A";
    "<interactive>";
    "testbench.v";
    "module.v";
