#! /c/Source/iverilog-install/bin/vvp
:ivl_version "14.0 (devel)";
:ivl_delay_selection "TYPICAL";
:vpi_time_precision - 12;
:vpi_module "C:\iverilog\lib\ivl\system.vpi";
:vpi_module "C:\iverilog\lib\ivl\vhdl_sys.vpi";
:vpi_module "C:\iverilog\lib\ivl\vhdl_textio.vpi";
:vpi_module "C:\iverilog\lib\ivl\v2005_math.vpi";
:vpi_module "C:\iverilog\lib\ivl\va_math.vpi";
S_0000022988C693A0 .scope module, "decoder_2to4_tb" "decoder_2to4_tb" 2 3;
 .timescale -9 -12;
v0000022988CCE3B0_0 .var "tb_en", 0 0;
v0000022988CCC970_0 .var "tb_in", 1 0;
v0000022988CCDC30_0 .net "tb_out", 3 0, L_0000022988CCE4F0;  1 drivers
S_0000022988C794E0 .scope module, "dut" "decoder_2to4" 2 13, 3 2 0, S_0000022988C693A0;
 .timescale 0 0;
    .port_info 0 /INPUT 1 "en";
    .port_info 1 /INPUT 2 "in";
    .port_info 2 /OUTPUT 4 "out";
L_0000022988C68190 .functor NOT 1, L_0000022988CCE590, C4<0>, C4<0>, C4<0>;
L_0000022988C67FD0 .functor AND 1, v0000022988CCE3B0_0, L_0000022988C68190, C4<1>, C4<1>;
L_0000022988C680B0 .functor NOT 1, L_0000022988CCD190, C4<0>, C4<0>, C4<0>;
L_0000022988C68270 .functor AND 1, L_0000022988C67FD0, L_0000022988C680B0, C4<1>, C4<1>;
L_0000022988C68350 .functor NOT 1, L_0000022988CCD0F0, C4<0>, C4<0>, C4<0>;
L_0000022988C68510 .functor AND 1, v0000022988CCE3B0_0, L_0000022988C68350, C4<1>, C4<1>;
L_0000022988C683C0 .functor AND 1, L_0000022988C68510, L_0000022988CCE770, C4<1>, C4<1>;
L_0000022988C68430 .functor AND 1, v0000022988CCE3B0_0, L_0000022988CCE450, C4<1>, C4<1>;
L_0000022988C684A0 .functor NOT 1, L_0000022988CCD230, C4<0>, C4<0>, C4<0>;
L_0000022988C68580 .functor AND 1, L_0000022988C68430, L_0000022988C684A0, C4<1>, C4<1>;
L_0000022988C68660 .functor AND 1, v0000022988CCE3B0_0, L_0000022988CCCAB0, C4<1>, C4<1>;
L_0000022988C686D0 .functor AND 1, L_0000022988C68660, L_0000022988CCE130, C4<1>, C4<1>;
v0000022988C66140_0 .net *"_ivl_10", 0 0, L_0000022988C680B0;  1 drivers
v0000022988C66640_0 .net *"_ivl_12", 0 0, L_0000022988C68270;  1 drivers
v0000022988C66780_0 .net *"_ivl_17", 0 0, L_0000022988CCD0F0;  1 drivers
v0000022988C66960_0 .net *"_ivl_18", 0 0, L_0000022988C68350;  1 drivers
v0000022988C66AA0_0 .net *"_ivl_20", 0 0, L_0000022988C68510;  1 drivers
v0000022988C66B40_0 .net *"_ivl_23", 0 0, L_0000022988CCE770;  1 drivers
v0000022988C661E0_0 .net *"_ivl_24", 0 0, L_0000022988C683C0;  1 drivers
v0000022988C66BE0_0 .net *"_ivl_29", 0 0, L_0000022988CCE450;  1 drivers
v0000022988C65CE0_0 .net *"_ivl_3", 0 0, L_0000022988CCE590;  1 drivers
v0000022988C65EC0_0 .net *"_ivl_30", 0 0, L_0000022988C68430;  1 drivers
v0000022988C65F60_0 .net *"_ivl_33", 0 0, L_0000022988CCD230;  1 drivers
v0000022988C660A0_0 .net *"_ivl_34", 0 0, L_0000022988C684A0;  1 drivers
v0000022988CCE310_0 .net *"_ivl_36", 0 0, L_0000022988C68580;  1 drivers
v0000022988CCC8D0_0 .net *"_ivl_4", 0 0, L_0000022988C68190;  1 drivers
v0000022988CCDEB0_0 .net *"_ivl_42", 0 0, L_0000022988CCCAB0;  1 drivers
v0000022988CCCB50_0 .net *"_ivl_43", 0 0, L_0000022988C68660;  1 drivers
v0000022988CCCBF0_0 .net *"_ivl_46", 0 0, L_0000022988CCE130;  1 drivers
v0000022988CCCFB0_0 .net *"_ivl_47", 0 0, L_0000022988C686D0;  1 drivers
v0000022988CCD4B0_0 .net *"_ivl_6", 0 0, L_0000022988C67FD0;  1 drivers
v0000022988CCD410_0 .net *"_ivl_9", 0 0, L_0000022988CCD190;  1 drivers
v0000022988CCD5F0_0 .net "en", 0 0, v0000022988CCE3B0_0;  1 drivers
v0000022988CCE090_0 .net "in", 1 0, v0000022988CCC970_0;  1 drivers
v0000022988CCD050_0 .net "out", 3 0, L_0000022988CCE4F0;  alias, 1 drivers
L_0000022988CCE590 .part v0000022988CCC970_0, 1, 1;
L_0000022988CCD190 .part v0000022988CCC970_0, 0, 1;
L_0000022988CCD0F0 .part v0000022988CCC970_0, 1, 1;
L_0000022988CCE770 .part v0000022988CCC970_0, 0, 1;
L_0000022988CCE450 .part v0000022988CCC970_0, 1, 1;
L_0000022988CCD230 .part v0000022988CCC970_0, 0, 1;
L_0000022988CCE4F0 .concat8 [ 1 1 1 1], L_0000022988C68270, L_0000022988C683C0, L_0000022988C68580, L_0000022988C686D0;
L_0000022988CCCAB0 .part v0000022988CCC970_0, 1, 1;
L_0000022988CCE130 .part v0000022988CCC970_0, 0, 1;
    .scope S_0000022988C693A0;
T_0 ;
    %vpi_call 2 21 "$dumpfile", "decoder_simulation.vcd" {0 0 0};
    %vpi_call 2 22 "$dumpvars", 32'sb00000000000000000000000000000000, S_0000022988C693A0 {0 0 0};
    %end;
    .thread T_0;
    .scope S_0000022988C693A0;
T_1 ;
    %vpi_call 2 28 "$display", "Time\011\011Enable\011Input\011Output" {0 0 0};
    %vpi_call 2 29 "$display", "--------------------------------------" {0 0 0};
    %vpi_call 2 32 "$monitor", "%0dns\011\011%b\011%b\011%b", $time, v0000022988CCE3B0_0, v0000022988CCC970_0, v0000022988CCDC30_0 {0 0 0};
    %pushi/vec4 0, 0, 1;
    %store/vec4 v0000022988CCE3B0_0, 0, 1;
    %pushi/vec4 0, 0, 2;
    %store/vec4 v0000022988CCC970_0, 0, 2;
    %delay 10000, 0;
    %pushi/vec4 0, 0, 1;
    %store/vec4 v0000022988CCE3B0_0, 0, 1;
    %pushi/vec4 1, 0, 2;
    %store/vec4 v0000022988CCC970_0, 0, 2;
    %delay 10000, 0;
    %pushi/vec4 0, 0, 1;
    %store/vec4 v0000022988CCE3B0_0, 0, 1;
    %pushi/vec4 2, 0, 2;
    %store/vec4 v0000022988CCC970_0, 0, 2;
    %delay 10000, 0;
    %pushi/vec4 0, 0, 1;
    %store/vec4 v0000022988CCE3B0_0, 0, 1;
    %pushi/vec4 3, 0, 2;
    %store/vec4 v0000022988CCC970_0, 0, 2;
    %delay 10000, 0;
    %pushi/vec4 1, 0, 1;
    %store/vec4 v0000022988CCE3B0_0, 0, 1;
    %pushi/vec4 0, 0, 2;
    %store/vec4 v0000022988CCC970_0, 0, 2;
    %delay 10000, 0;
    %pushi/vec4 1, 0, 1;
    %store/vec4 v0000022988CCE3B0_0, 0, 1;
    %pushi/vec4 1, 0, 2;
    %store/vec4 v0000022988CCC970_0, 0, 2;
    %delay 10000, 0;
    %pushi/vec4 1, 0, 1;
    %store/vec4 v0000022988CCE3B0_0, 0, 1;
    %pushi/vec4 2, 0, 2;
    %store/vec4 v0000022988CCC970_0, 0, 2;
    %delay 10000, 0;
    %pushi/vec4 1, 0, 1;
    %store/vec4 v0000022988CCE3B0_0, 0, 1;
    %pushi/vec4 3, 0, 2;
    %store/vec4 v0000022988CCC970_0, 0, 2;
    %delay 10000, 0;
    %vpi_call 2 47 "$finish" {0 0 0};
    %end;
    .thread T_1;
# The file index is used to find the file name in the following table.
:file_names 4;
    "N/A";
    "<interactive>";
    "testbench.v";
    "module.v";
