#! /c/Source/iverilog-install/bin/vvp
:ivl_version "14.0 (devel)";
:ivl_delay_selection "TYPICAL";
:vpi_time_precision - 12;
:vpi_module "C:\iverilog\lib\ivl\system.vpi";
:vpi_module "C:\iverilog\lib\ivl\vhdl_sys.vpi";
:vpi_module "C:\iverilog\lib\ivl\vhdl_textio.vpi";
:vpi_module "C:\iverilog\lib\ivl\v2005_math.vpi";
:vpi_module "C:\iverilog\lib\ivl\va_math.vpi";
S_00000291F17343A0 .scope module, "tb_xor_gate_df" "tb_xor_gate_df" 2 3;
 .timescale -9 -12;
v00000291F1734A10_0 .var "a", 0 0;
v00000291F1734AB0_0 .var "b", 0 0;
v00000291F1747370_0 .net "out", 0 0, L_00000291F1733DF0;  1 drivers
S_00000291F1734880 .scope module, "uut" "xor_gate_df" 2 12, 3 1 0, S_00000291F17343A0;
 .timescale 0 0;
    .port_info 0 /INPUT 1 "a";
    .port_info 1 /INPUT 1 "b";
    .port_info 2 /OUTPUT 1 "out";
L_00000291F1733DF0 .functor XOR 1, v00000291F1734A10_0, v00000291F1734AB0_0, C4<0>, C4<0>;
v00000291F1734530_0 .net "a", 0 0, v00000291F1734A10_0;  1 drivers
v00000291F170C8E0_0 .net "b", 0 0, v00000291F1734AB0_0;  1 drivers
v00000291F1733D50_0 .net "out", 0 0, L_00000291F1733DF0;  alias, 1 drivers
    .scope S_00000291F17343A0;
T_0 ;
    %vpi_call 2 20 "$monitor", "Time = %0t ns | Input A = %b | Input B = %b | Output OUT = %b", $time, v00000291F1734A10_0, v00000291F1734AB0_0, v00000291F1747370_0 {0 0 0};
    %end;
    .thread T_0;
    .scope S_00000291F17343A0;
T_1 ;
    %vpi_call 2 26 "$dumpfile", "xor_df_waveform.vcd" {0 0 0};
    %vpi_call 2 27 "$dumpvars", 32'sb00000000000000000000000000000000, S_00000291F17343A0 {0 0 0};
    %pushi/vec4 0, 0, 1;
    %store/vec4 v00000291F1734A10_0, 0, 1;
    %pushi/vec4 0, 0, 1;
    %store/vec4 v00000291F1734AB0_0, 0, 1;
    %delay 10000, 0;
    %pushi/vec4 0, 0, 1;
    %store/vec4 v00000291F1734A10_0, 0, 1;
    %pushi/vec4 1, 0, 1;
    %store/vec4 v00000291F1734AB0_0, 0, 1;
    %delay 10000, 0;
    %pushi/vec4 1, 0, 1;
    %store/vec4 v00000291F1734A10_0, 0, 1;
    %pushi/vec4 0, 0, 1;
    %store/vec4 v00000291F1734AB0_0, 0, 1;
    %delay 10000, 0;
    %pushi/vec4 1, 0, 1;
    %store/vec4 v00000291F1734A10_0, 0, 1;
    %pushi/vec4 1, 0, 1;
    %store/vec4 v00000291F1734AB0_0, 0, 1;
    %delay 10000, 0;
    %vpi_call 2 46 "$finish" {0 0 0};
    %end;
    .thread T_1;
# The file index is used to find the file name in the following table.
:file_names 4;
    "N/A";
    "<interactive>";
    "testbench.v";
    "module.v";
