#! /c/Source/iverilog-install/bin/vvp
:ivl_version "14.0 (devel)";
:ivl_delay_selection "TYPICAL";
:vpi_time_precision - 12;
:vpi_module "C:\iverilog\lib\ivl\system.vpi";
:vpi_module "C:\iverilog\lib\ivl\vhdl_sys.vpi";
:vpi_module "C:\iverilog\lib\ivl\vhdl_textio.vpi";
:vpi_module "C:\iverilog\lib\ivl\v2005_math.vpi";
:vpi_module "C:\iverilog\lib\ivl\va_math.vpi";
S_000002691F9A4160 .scope module, "tb_t_flipflop" "tb_t_flipflop" 2 3;
 .timescale -9 -12;
v000002691F9A47D0_0 .var "CLK", 0 0;
v000002691F97C310_0 .net "Q", 0 0, v000002691F9B9440_0;  1 drivers
v000002691F97C3B0_0 .var "T", 0 0;
S_000002691F9A4500 .scope module, "uut" "t_flipflop" 2 11, 3 1 0, S_000002691F9A4160;
 .timescale 0 0;
    .port_info 0 /INPUT 1 "T";
    .port_info 1 /INPUT 1 "CLK";
    .port_info 2 /OUTPUT 1 "Q";
v000002691F9A4690_0 .net "CLK", 0 0, v000002691F9A47D0_0;  1 drivers
v000002691F9B9440_0 .var "Q", 0 0;
v000002691F9A4730_0 .net "T", 0 0, v000002691F97C3B0_0;  1 drivers
E_000002691F9BA8D0 .event posedge, v000002691F9A4690_0;
    .scope S_000002691F9A4500;
T_0 ;
    %wait E_000002691F9BA8D0;
    %load/vec4 v000002691F9A4730_0;
    %cmpi/e 0, 0, 1;
    %jmp/0xz  T_0.0, 4;
    %load/vec4 v000002691F9B9440_0;
    %assign/vec4 v000002691F9B9440_0, 0;
    %jmp T_0.1;
T_0.0 ;
    %load/vec4 v000002691F9B9440_0;
    %inv;
    %assign/vec4 v000002691F9B9440_0, 0;
T_0.1 ;
    %jmp T_0;
    .thread T_0;
    .scope S_000002691F9A4160;
T_1 ;
    %pushi/vec4 0, 0, 1;
    %store/vec4 v000002691F9A47D0_0, 0, 1;
T_1.0 ;
    %delay 5000, 0;
    %load/vec4 v000002691F9A47D0_0;
    %inv;
    %store/vec4 v000002691F9A47D0_0, 0, 1;
    %jmp T_1.0;
T_1.1 ;
    %end;
    .thread T_1;
    .scope S_000002691F9A4160;
T_2 ;
    %vpi_call 2 28 "$dumpfile", "t_flipflop.vcd" {0 0 0};
    %vpi_call 2 29 "$dumpvars", 32'sb00000000000000000000000000000000, S_000002691F9A4160 {0 0 0};
    %vpi_call 2 31 "$monitor", "Time=%0t | CLK=%b T=%b | Q=%b", $time, v000002691F9A47D0_0, v000002691F97C3B0_0, v000002691F97C310_0 {0 0 0};
    %pushi/vec4 0, 0, 1;
    %store/vec4 v000002691F97C3B0_0, 0, 1;
    %delay 10000, 0;
    %pushi/vec4 1, 0, 1;
    %store/vec4 v000002691F97C3B0_0, 0, 1;
    %delay 20000, 0;
    %pushi/vec4 0, 0, 1;
    %store/vec4 v000002691F97C3B0_0, 0, 1;
    %delay 10000, 0;
    %pushi/vec4 1, 0, 1;
    %store/vec4 v000002691F97C3B0_0, 0, 1;
    %delay 30000, 0;
    %pushi/vec4 0, 0, 1;
    %store/vec4 v000002691F97C3B0_0, 0, 1;
    %delay 10000, 0;
    %vpi_call 2 59 "$finish" {0 0 0};
    %end;
    .thread T_2;
# The file index is used to find the file name in the following table.
:file_names 4;
    "N/A";
    "<interactive>";
    "testbench.v";
    "module.v";
