#! /c/Source/iverilog-install/bin/vvp
:ivl_version "14.0 (devel)";
:ivl_delay_selection "TYPICAL";
:vpi_time_precision - 12;
:vpi_module "C:\iverilog\lib\ivl\system.vpi";
:vpi_module "C:\iverilog\lib\ivl\vhdl_sys.vpi";
:vpi_module "C:\iverilog\lib\ivl\vhdl_textio.vpi";
:vpi_module "C:\iverilog\lib\ivl\v2005_math.vpi";
:vpi_module "C:\iverilog\lib\ivl\va_math.vpi";
S_0000016742F54BA0 .scope module, "tb_sr_latch" "tb_sr_latch" 2 3;
 .timescale -9 -12;
v0000016742F55190_0 .net "Q", 0 0, v0000016742F55050_0;  1 drivers
v0000016742F55230_0 .net "Qbar", 0 0, v0000016742F2C720_0;  1 drivers
v0000016742F64890_0 .var "R", 0 0;
v0000016742F64930_0 .var "S", 0 0;
S_0000016742F54EC0 .scope module, "uut" "sr_latch" 2 11, 3 1 0, S_0000016742F54BA0;
 .timescale 0 0;
    .port_info 0 /INPUT 1 "S";
    .port_info 1 /INPUT 1 "R";
    .port_info 2 /OUTPUT 1 "Q";
    .port_info 3 /OUTPUT 1 "Qbar";
v0000016742F55050_0 .var "Q", 0 0;
v0000016742F2C720_0 .var "Qbar", 0 0;
v0000016742F69D60_0 .net "R", 0 0, v0000016742F64890_0;  1 drivers
v0000016742F550F0_0 .net "S", 0 0, v0000016742F64930_0;  1 drivers
E_0000016742F52960 .event anyedge, v0000016742F550F0_0, v0000016742F69D60_0, v0000016742F55050_0, v0000016742F2C720_0;
    .scope S_0000016742F54EC0;
T_0 ;
    %wait E_0000016742F52960;
    %load/vec4 v0000016742F550F0_0;
    %cmpi/e 1, 0, 1;
    %flag_get/vec4 4;
    %jmp/0 T_0.2, 4;
    %load/vec4 v0000016742F69D60_0;
    %pushi/vec4 0, 0, 1;
    %cmp/e;
    %flag_get/vec4 4;
    %and;
T_0.2;
    %flag_set/vec4 8;
    %jmp/0xz  T_0.0, 8;
    %pushi/vec4 1, 0, 1;
    %store/vec4 v0000016742F55050_0, 0, 1;
    %pushi/vec4 0, 0, 1;
    %store/vec4 v0000016742F2C720_0, 0, 1;
    %jmp T_0.1;
T_0.0 ;
    %load/vec4 v0000016742F550F0_0;
    %cmpi/e 0, 0, 1;
    %flag_get/vec4 4;
    %jmp/0 T_0.5, 4;
    %load/vec4 v0000016742F69D60_0;
    %pushi/vec4 1, 0, 1;
    %cmp/e;
    %flag_get/vec4 4;
    %and;
T_0.5;
    %flag_set/vec4 8;
    %jmp/0xz  T_0.3, 8;
    %pushi/vec4 0, 0, 1;
    %store/vec4 v0000016742F55050_0, 0, 1;
    %pushi/vec4 1, 0, 1;
    %store/vec4 v0000016742F2C720_0, 0, 1;
    %jmp T_0.4;
T_0.3 ;
    %load/vec4 v0000016742F550F0_0;
    %cmpi/e 0, 0, 1;
    %flag_get/vec4 4;
    %jmp/0 T_0.8, 4;
    %load/vec4 v0000016742F69D60_0;
    %pushi/vec4 0, 0, 1;
    %cmp/e;
    %flag_get/vec4 4;
    %and;
T_0.8;
    %flag_set/vec4 8;
    %jmp/0xz  T_0.6, 8;
    %load/vec4 v0000016742F55050_0;
    %store/vec4 v0000016742F55050_0, 0, 1;
    %load/vec4 v0000016742F2C720_0;
    %store/vec4 v0000016742F2C720_0, 0, 1;
    %jmp T_0.7;
T_0.6 ;
    %pushi/vec4 1, 1, 1;
    %store/vec4 v0000016742F55050_0, 0, 1;
    %pushi/vec4 1, 1, 1;
    %store/vec4 v0000016742F2C720_0, 0, 1;
T_0.7 ;
T_0.4 ;
T_0.1 ;
    %jmp T_0;
    .thread T_0, $push;
    .scope S_0000016742F54BA0;
T_1 ;
    %vpi_call 2 21 "$dumpfile", "sr_latch.vcd" {0 0 0};
    %vpi_call 2 22 "$dumpvars", 32'sb00000000000000000000000000000000, S_0000016742F54BA0 {0 0 0};
    %vpi_call 2 25 "$monitor", "Time=%0t | S=%b R=%b | Q=%b Qbar=%b", $time, v0000016742F64930_0, v0000016742F64890_0, v0000016742F55190_0, v0000016742F55230_0 {0 0 0};
    %pushi/vec4 0, 0, 1;
    %store/vec4 v0000016742F64930_0, 0, 1;
    %pushi/vec4 0, 0, 1;
    %store/vec4 v0000016742F64890_0, 0, 1;
    %delay 10000, 0;
    %pushi/vec4 1, 0, 1;
    %store/vec4 v0000016742F64930_0, 0, 1;
    %pushi/vec4 0, 0, 1;
    %store/vec4 v0000016742F64890_0, 0, 1;
    %delay 10000, 0;
    %pushi/vec4 0, 0, 1;
    %store/vec4 v0000016742F64930_0, 0, 1;
    %pushi/vec4 0, 0, 1;
    %store/vec4 v0000016742F64890_0, 0, 1;
    %delay 10000, 0;
    %pushi/vec4 0, 0, 1;
    %store/vec4 v0000016742F64930_0, 0, 1;
    %pushi/vec4 1, 0, 1;
    %store/vec4 v0000016742F64890_0, 0, 1;
    %delay 10000, 0;
    %pushi/vec4 0, 0, 1;
    %store/vec4 v0000016742F64930_0, 0, 1;
    %pushi/vec4 0, 0, 1;
    %store/vec4 v0000016742F64890_0, 0, 1;
    %delay 10000, 0;
    %pushi/vec4 1, 0, 1;
    %store/vec4 v0000016742F64930_0, 0, 1;
    %pushi/vec4 1, 0, 1;
    %store/vec4 v0000016742F64890_0, 0, 1;
    %delay 10000, 0;
    %vpi_call 2 64 "$finish" {0 0 0};
    %end;
    .thread T_1;
# The file index is used to find the file name in the following table.
:file_names 4;
    "N/A";
    "<interactive>";
    "testbench.v";
    "module.v";
