#! /c/Source/iverilog-install/bin/vvp
:ivl_version "14.0 (devel)";
:ivl_delay_selection "TYPICAL";
:vpi_time_precision - 12;
:vpi_module "C:\iverilog\lib\ivl\system.vpi";
:vpi_module "C:\iverilog\lib\ivl\vhdl_sys.vpi";
:vpi_module "C:\iverilog\lib\ivl\vhdl_textio.vpi";
:vpi_module "C:\iverilog\lib\ivl\v2005_math.vpi";
:vpi_module "C:\iverilog\lib\ivl\va_math.vpi";
S_000002536D776320 .scope module, "tb_jk_flipflop" "tb_jk_flipflop" 2 3;
 .timescale -9 -12;
v000002536D78B010_0 .var "CLK", 0 0;
v000002536D78B0B0_0 .var "J", 0 0;
v000002536D786270_0 .var "K", 0 0;
v000002536D786310_0 .net "Q", 0 0, v000002536D776BA0_0;  1 drivers
v000002536D7D45F0_0 .net "Qbar", 0 0, v000002536D78AF70_0;  1 drivers
S_000002536D78ACC0 .scope module, "uut" "jk_flipflop" 2 13, 3 1 0, S_000002536D776320;
 .timescale 0 0;
    .port_info 0 /INPUT 1 "J";
    .port_info 1 /INPUT 1 "K";
    .port_info 2 /INPUT 1 "CLK";
    .port_info 3 /OUTPUT 1 "Q";
    .port_info 4 /OUTPUT 1 "Qbar";
v000002536D78AED0_0 .net "CLK", 0 0, v000002536D78B010_0;  1 drivers
v000002536D74CB00_0 .net "J", 0 0, v000002536D78B0B0_0;  1 drivers
v000002536D776B00_0 .net "K", 0 0, v000002536D786270_0;  1 drivers
v000002536D776BA0_0 .var "Q", 0 0;
v000002536D78AF70_0 .var "Qbar", 0 0;
E_000002536D774FD0 .event posedge, v000002536D78AED0_0;
    .scope S_000002536D78ACC0;
T_0 ;
    %wait E_000002536D774FD0;
    %load/vec4 v000002536D74CB00_0;
    %load/vec4 v000002536D776B00_0;
    %concat/vec4; draw_concat_vec4
    %dup/vec4;
    %pushi/vec4 0, 0, 2;
    %cmp/e;
    %jmp/1 T_0.0, 6;
    %dup/vec4;
    %pushi/vec4 1, 0, 2;
    %cmp/e;
    %jmp/1 T_0.1, 6;
    %dup/vec4;
    %pushi/vec4 2, 0, 2;
    %cmp/e;
    %jmp/1 T_0.2, 6;
    %dup/vec4;
    %pushi/vec4 3, 0, 2;
    %cmp/e;
    %jmp/1 T_0.3, 6;
    %jmp T_0.4;
T_0.0 ;
    %load/vec4 v000002536D776BA0_0;
    %assign/vec4 v000002536D776BA0_0, 0;
    %jmp T_0.4;
T_0.1 ;
    %pushi/vec4 0, 0, 1;
    %assign/vec4 v000002536D776BA0_0, 0;
    %jmp T_0.4;
T_0.2 ;
    %pushi/vec4 1, 0, 1;
    %assign/vec4 v000002536D776BA0_0, 0;
    %jmp T_0.4;
T_0.3 ;
    %load/vec4 v000002536D776BA0_0;
    %inv;
    %assign/vec4 v000002536D776BA0_0, 0;
    %jmp T_0.4;
T_0.4 ;
    %pop/vec4 1;
    %load/vec4 v000002536D776BA0_0;
    %inv;
    %assign/vec4 v000002536D78AF70_0, 0;
    %jmp T_0;
    .thread T_0;
    .scope S_000002536D776320;
T_1 ;
    %pushi/vec4 0, 0, 1;
    %store/vec4 v000002536D78B010_0, 0, 1;
T_1.0 ;
    %delay 5000, 0;
    %load/vec4 v000002536D78B010_0;
    %inv;
    %store/vec4 v000002536D78B010_0, 0, 1;
    %jmp T_1.0;
T_1.1 ;
    %end;
    .thread T_1;
    .scope S_000002536D776320;
T_2 ;
    %vpi_call 2 32 "$dumpfile", "jk_flipflop.vcd" {0 0 0};
    %vpi_call 2 33 "$dumpvars", 32'sb00000000000000000000000000000000, S_000002536D776320 {0 0 0};
    %vpi_call 2 35 "$monitor", "Time=%0t | CLK=%b J=%b K=%b | Q=%b Qbar=%b", $time, v000002536D78B010_0, v000002536D78B0B0_0, v000002536D786270_0, v000002536D786310_0, v000002536D7D45F0_0 {0 0 0};
    %pushi/vec4 0, 0, 1;
    %store/vec4 v000002536D78B0B0_0, 0, 1;
    %pushi/vec4 0, 0, 1;
    %store/vec4 v000002536D786270_0, 0, 1;
    %delay 10000, 0;
    %pushi/vec4 1, 0, 1;
    %store/vec4 v000002536D78B0B0_0, 0, 1;
    %pushi/vec4 0, 0, 1;
    %store/vec4 v000002536D786270_0, 0, 1;
    %delay 10000, 0;
    %pushi/vec4 0, 0, 1;
    %store/vec4 v000002536D78B0B0_0, 0, 1;
    %pushi/vec4 0, 0, 1;
    %store/vec4 v000002536D786270_0, 0, 1;
    %delay 10000, 0;
    %pushi/vec4 0, 0, 1;
    %store/vec4 v000002536D78B0B0_0, 0, 1;
    %pushi/vec4 1, 0, 1;
    %store/vec4 v000002536D786270_0, 0, 1;
    %delay 10000, 0;
    %pushi/vec4 1, 0, 1;
    %store/vec4 v000002536D78B0B0_0, 0, 1;
    %pushi/vec4 0, 0, 1;
    %store/vec4 v000002536D786270_0, 0, 1;
    %delay 10000, 0;
    %pushi/vec4 1, 0, 1;
    %store/vec4 v000002536D78B0B0_0, 0, 1;
    %pushi/vec4 1, 0, 1;
    %store/vec4 v000002536D786270_0, 0, 1;
    %delay 10000, 0;
    %pushi/vec4 1, 0, 1;
    %store/vec4 v000002536D78B0B0_0, 0, 1;
    %pushi/vec4 1, 0, 1;
    %store/vec4 v000002536D786270_0, 0, 1;
    %delay 10000, 0;
    %vpi_call 2 80 "$finish" {0 0 0};
    %end;
    .thread T_2;
# The file index is used to find the file name in the following table.
:file_names 4;
    "N/A";
    "<interactive>";
    "testbench.v";
    "module.v";
