#! /c/Source/iverilog-install/bin/vvp
:ivl_version "14.0 (devel)";
:ivl_delay_selection "TYPICAL";
:vpi_time_precision - 12;
:vpi_module "C:\iverilog\lib\ivl\system.vpi";
:vpi_module "C:\iverilog\lib\ivl\vhdl_sys.vpi";
:vpi_module "C:\iverilog\lib\ivl\vhdl_textio.vpi";
:vpi_module "C:\iverilog\lib\ivl\v2005_math.vpi";
:vpi_module "C:\iverilog\lib\ivl\va_math.vpi";
S_0000022AC6B83960 .scope module, "tb_nor_gate" "tb_nor_gate" 2 3;
 .timescale -9 -12;
v0000022AC6B84050_0 .var "a", 0 0;
v0000022AC6B5CAE0_0 .var "b", 0 0;
v0000022AC6B5CB80_0 .net "out", 0 0, L_0000022AC6B9BE90;  1 drivers
S_0000022AC6B83D80 .scope module, "uut" "nor_gate" 2 11, 3 1 0, S_0000022AC6B83960;
 .timescale 0 0;
    .port_info 0 /INPUT 1 "a";
    .port_info 1 /INPUT 1 "b";
    .port_info 2 /OUTPUT 1 "out";
L_0000022AC6B83AF0 .functor OR 1, v0000022AC6B84050_0, v0000022AC6B5CAE0_0, C4<0>, C4<0>;
L_0000022AC6B9BE90 .functor NOT 1, L_0000022AC6B83AF0, C4<0>, C4<0>, C4<0>;
v0000022AC6B9BDF0_0 .net *"_ivl_0", 0 0, L_0000022AC6B83AF0;  1 drivers
v0000022AC6B97D70_0 .net "a", 0 0, v0000022AC6B84050_0;  1 drivers
v0000022AC6B83F10_0 .net "b", 0 0, v0000022AC6B5CAE0_0;  1 drivers
v0000022AC6B83FB0_0 .net "out", 0 0, L_0000022AC6B9BE90;  alias, 1 drivers
    .scope S_0000022AC6B83960;
T_0 ;
    %vpi_call 2 19 "$monitor", "Time = %0t ns | Input A = %b | Input B = %b | Output OUT = %b", $time, v0000022AC6B84050_0, v0000022AC6B5CAE0_0, v0000022AC6B5CB80_0 {0 0 0};
    %end;
    .thread T_0;
    .scope S_0000022AC6B83960;
T_1 ;
    %vpi_call 2 25 "$dumpfile", "nor_waveform.vcd" {0 0 0};
    %vpi_call 2 26 "$dumpvars", 32'sb00000000000000000000000000000000, S_0000022AC6B83960 {0 0 0};
    %pushi/vec4 0, 0, 1;
    %store/vec4 v0000022AC6B84050_0, 0, 1;
    %pushi/vec4 0, 0, 1;
    %store/vec4 v0000022AC6B5CAE0_0, 0, 1;
    %delay 10000, 0;
    %pushi/vec4 0, 0, 1;
    %store/vec4 v0000022AC6B84050_0, 0, 1;
    %pushi/vec4 1, 0, 1;
    %store/vec4 v0000022AC6B5CAE0_0, 0, 1;
    %delay 10000, 0;
    %pushi/vec4 1, 0, 1;
    %store/vec4 v0000022AC6B84050_0, 0, 1;
    %pushi/vec4 0, 0, 1;
    %store/vec4 v0000022AC6B5CAE0_0, 0, 1;
    %delay 10000, 0;
    %pushi/vec4 1, 0, 1;
    %store/vec4 v0000022AC6B84050_0, 0, 1;
    %pushi/vec4 1, 0, 1;
    %store/vec4 v0000022AC6B5CAE0_0, 0, 1;
    %delay 10000, 0;
    %vpi_call 2 45 "$finish" {0 0 0};
    %end;
    .thread T_1;
# The file index is used to find the file name in the following table.
:file_names 4;
    "N/A";
    "<interactive>";
    "testbench.v";
    "module.v";
