#! /c/Source/iverilog-install/bin/vvp
:ivl_version "14.0 (devel)";
:ivl_delay_selection "TYPICAL";
:vpi_time_precision - 12;
:vpi_module "C:\iverilog\lib\ivl\system.vpi";
:vpi_module "C:\iverilog\lib\ivl\vhdl_sys.vpi";
:vpi_module "C:\iverilog\lib\ivl\vhdl_textio.vpi";
:vpi_module "C:\iverilog\lib\ivl\v2005_math.vpi";
:vpi_module "C:\iverilog\lib\ivl\va_math.vpi";
S_000002159B9E7140 .scope module, "full_adder_tb" "full_adder_tb" 2 4;
 .timescale -9 -12;
v000002159B9F4F80_0 .var "a", 0 0;
v000002159B9F4B20_0 .var "b", 0 0;
v000002159B9F5020_0 .var "cin", 0 0;
v000002159B9F52A0_0 .net "cout", 0 0, L_000002159B9E4E70;  1 drivers
v000002159B9F50C0_0 .net "sum", 0 0, L_000002159B9E5420;  1 drivers
S_000002159B9E78F0 .scope module, "uut" "full_adder" 2 16, 3 2 0, S_000002159B9E7140;
 .timescale 0 0;
    .port_info 0 /INPUT 1 "a";
    .port_info 1 /INPUT 1 "b";
    .port_info 2 /INPUT 1 "cin";
    .port_info 3 /OUTPUT 1 "sum";
    .port_info 4 /OUTPUT 1 "cout";
L_000002159B9E5030 .functor XOR 1, v000002159B9F4F80_0, v000002159B9F4B20_0, C4<0>, C4<0>;
L_000002159B9E5420 .functor XOR 1, L_000002159B9E5030, v000002159B9F5020_0, C4<0>, C4<0>;
L_000002159B9E5180 .functor AND 1, v000002159B9F4F80_0, v000002159B9F4B20_0, C4<1>, C4<1>;
L_000002159B9E50A0 .functor AND 1, v000002159B9F4B20_0, v000002159B9F5020_0, C4<1>, C4<1>;
L_000002159B9E5260 .functor OR 1, L_000002159B9E5180, L_000002159B9E50A0, C4<0>, C4<0>;
L_000002159B9E51F0 .functor AND 1, v000002159B9F5020_0, v000002159B9F4F80_0, C4<1>, C4<1>;
L_000002159B9E4E70 .functor OR 1, L_000002159B9E5260, L_000002159B9E51F0, C4<0>, C4<0>;
v000002159B9E4680_0 .net *"_ivl_0", 0 0, L_000002159B9E5030;  1 drivers
v000002159B9BCA40_0 .net *"_ivl_10", 0 0, L_000002159B9E51F0;  1 drivers
v000002159B9E7A80_0 .net *"_ivl_4", 0 0, L_000002159B9E5180;  1 drivers
v000002159B9F4C60_0 .net *"_ivl_6", 0 0, L_000002159B9E50A0;  1 drivers
v000002159B9F4D00_0 .net *"_ivl_8", 0 0, L_000002159B9E5260;  1 drivers
v000002159B9F4DA0_0 .net "a", 0 0, v000002159B9F4F80_0;  1 drivers
v000002159B9F4E40_0 .net "b", 0 0, v000002159B9F4B20_0;  1 drivers
v000002159B9F5520_0 .net "cin", 0 0, v000002159B9F5020_0;  1 drivers
v000002159B9F4EE0_0 .net "cout", 0 0, L_000002159B9E4E70;  alias, 1 drivers
v000002159B9F53E0_0 .net "sum", 0 0, L_000002159B9E5420;  alias, 1 drivers
    .scope S_000002159B9E7140;
T_0 ;
    %vpi_call 2 26 "$dumpfile", "full_adder.vcd" {0 0 0};
    %vpi_call 2 27 "$dumpvars", 32'sb00000000000000000000000000000000, S_000002159B9E7140 {0 0 0};
    %vpi_call 2 30 "$monitor", "Time=%0dns | Inputs: A=%b B=%b Cin=%b | Outputs: Sum=%b Cout=%b", $time, v000002159B9F4F80_0, v000002159B9F4B20_0, v000002159B9F5020_0, v000002159B9F50C0_0, v000002159B9F52A0_0 {0 0 0};
    %pushi/vec4 0, 0, 1;
    %store/vec4 v000002159B9F4F80_0, 0, 1;
    %pushi/vec4 0, 0, 1;
    %store/vec4 v000002159B9F4B20_0, 0, 1;
    %pushi/vec4 0, 0, 1;
    %store/vec4 v000002159B9F5020_0, 0, 1;
    %delay 10000, 0;
    %pushi/vec4 0, 0, 1;
    %store/vec4 v000002159B9F4F80_0, 0, 1;
    %pushi/vec4 0, 0, 1;
    %store/vec4 v000002159B9F4B20_0, 0, 1;
    %pushi/vec4 1, 0, 1;
    %store/vec4 v000002159B9F5020_0, 0, 1;
    %delay 10000, 0;
    %pushi/vec4 0, 0, 1;
    %store/vec4 v000002159B9F4F80_0, 0, 1;
    %pushi/vec4 1, 0, 1;
    %store/vec4 v000002159B9F4B20_0, 0, 1;
    %pushi/vec4 0, 0, 1;
    %store/vec4 v000002159B9F5020_0, 0, 1;
    %delay 10000, 0;
    %pushi/vec4 0, 0, 1;
    %store/vec4 v000002159B9F4F80_0, 0, 1;
    %pushi/vec4 1, 0, 1;
    %store/vec4 v000002159B9F4B20_0, 0, 1;
    %pushi/vec4 1, 0, 1;
    %store/vec4 v000002159B9F5020_0, 0, 1;
    %delay 10000, 0;
    %pushi/vec4 1, 0, 1;
    %store/vec4 v000002159B9F4F80_0, 0, 1;
    %pushi/vec4 0, 0, 1;
    %store/vec4 v000002159B9F4B20_0, 0, 1;
    %pushi/vec4 0, 0, 1;
    %store/vec4 v000002159B9F5020_0, 0, 1;
    %delay 10000, 0;
    %pushi/vec4 1, 0, 1;
    %store/vec4 v000002159B9F4F80_0, 0, 1;
    %pushi/vec4 0, 0, 1;
    %store/vec4 v000002159B9F4B20_0, 0, 1;
    %pushi/vec4 1, 0, 1;
    %store/vec4 v000002159B9F5020_0, 0, 1;
    %delay 10000, 0;
    %pushi/vec4 1, 0, 1;
    %store/vec4 v000002159B9F4F80_0, 0, 1;
    %pushi/vec4 1, 0, 1;
    %store/vec4 v000002159B9F4B20_0, 0, 1;
    %pushi/vec4 0, 0, 1;
    %store/vec4 v000002159B9F5020_0, 0, 1;
    %delay 10000, 0;
    %pushi/vec4 1, 0, 1;
    %store/vec4 v000002159B9F4F80_0, 0, 1;
    %pushi/vec4 1, 0, 1;
    %store/vec4 v000002159B9F4B20_0, 0, 1;
    %pushi/vec4 1, 0, 1;
    %store/vec4 v000002159B9F5020_0, 0, 1;
    %delay 10000, 0;
    %vpi_call 2 44 "$finish" {0 0 0};
    %end;
    .thread T_0;
# The file index is used to find the file name in the following table.
:file_names 4;
    "N/A";
    "<interactive>";
    "testbench.v";
    "module.v";
