#! /c/Source/iverilog-install/bin/vvp
:ivl_version "14.0 (devel)";
:ivl_delay_selection "TYPICAL";
:vpi_time_precision - 12;
:vpi_module "C:\iverilog\lib\ivl\system.vpi";
:vpi_module "C:\iverilog\lib\ivl\vhdl_sys.vpi";
:vpi_module "C:\iverilog\lib\ivl\vhdl_textio.vpi";
:vpi_module "C:\iverilog\lib\ivl\v2005_math.vpi";
:vpi_module "C:\iverilog\lib\ivl\va_math.vpi";
S_000001DE9CFEF0C0 .scope module, "seven_seg_decoder_tb" "seven_seg_decoder_tb" 2 3;
 .timescale -9 -12;
v000001DE9D043760_0 .var/i "i", 31 0;
v000001DE9D044020_0 .var "tb_hex_val", 3 0;
v000001DE9D043DA0_0 .net "tb_seg", 6 0, L_000001DE9D0463B0;  1 drivers
S_000001DE9CFEFDF0 .scope module, "uut" "seven_seg_decoder" 2 13, 3 3 0, S_000001DE9CFEF0C0;
 .timescale 0 0;
    .port_info 0 /INPUT 4 "hex_val";
    .port_info 1 /OUTPUT 7 "seg";
L_000001DE9D210088 .functor BUFT 1, C4<0000>, C4<0>, C4<0>, C4<0>;
v000001DE9CFE3400_0 .net/2u *"_ivl_0", 3 0, L_000001DE9D210088;  1 drivers
L_000001DE9D210160 .functor BUFT 1, C4<0110000>, C4<0>, C4<0>, C4<0>;
v000001DE9CFE1920_0 .net/2u *"_ivl_10", 6 0, L_000001DE9D210160;  1 drivers
v000001DE9CFE32C0_0 .net *"_ivl_100", 6 0, L_000001DE9D047030;  1 drivers
v000001DE9CFE2B40_0 .net *"_ivl_102", 6 0, L_000001DE9D046DB0;  1 drivers
v000001DE9CFE1C40_0 .net *"_ivl_104", 6 0, L_000001DE9D046E50;  1 drivers
v000001DE9CFE3540_0 .net *"_ivl_106", 6 0, L_000001DE9D047E90;  1 drivers
v000001DE9CFE2640_0 .net *"_ivl_108", 6 0, L_000001DE9D047850;  1 drivers
v000001DE9CFE2BE0_0 .net *"_ivl_110", 6 0, L_000001DE9D047B70;  1 drivers
v000001DE9CFE1F60_0 .net *"_ivl_112", 6 0, L_000001DE9D047490;  1 drivers
v000001DE9CFE1CE0_0 .net *"_ivl_114", 6 0, L_000001DE9D0470D0;  1 drivers
v000001DE9CFE1E20_0 .net *"_ivl_116", 6 0, L_000001DE9D0475D0;  1 drivers
v000001DE9CFE2820_0 .net *"_ivl_118", 6 0, L_000001DE9D0468B0;  1 drivers
L_000001DE9D2101A8 .functor BUFT 1, C4<0010>, C4<0>, C4<0>, C4<0>;
v000001DE9CFE28C0_0 .net/2u *"_ivl_12", 3 0, L_000001DE9D2101A8;  1 drivers
v000001DE9CFE2960_0 .net *"_ivl_120", 6 0, L_000001DE9D046C70;  1 drivers
v000001DE9CFE20A0_0 .net *"_ivl_122", 6 0, L_000001DE9D046810;  1 drivers
v000001DE9CFE2140_0 .net *"_ivl_124", 6 0, L_000001DE9D0473F0;  1 drivers
v000001DE9CFE2320_0 .net *"_ivl_126", 6 0, L_000001DE9D046310;  1 drivers
v000001DE9CFE2A00_0 .net *"_ivl_14", 0 0, L_000001DE9D043300;  1 drivers
L_000001DE9D2101F0 .functor BUFT 1, C4<1101101>, C4<0>, C4<0>, C4<0>;
v000001DE9CFE2280_0 .net/2u *"_ivl_16", 6 0, L_000001DE9D2101F0;  1 drivers
L_000001DE9D210238 .functor BUFT 1, C4<0011>, C4<0>, C4<0>, C4<0>;
v000001DE9CFE2460_0 .net/2u *"_ivl_18", 3 0, L_000001DE9D210238;  1 drivers
v000001DE9CFE26E0_0 .net *"_ivl_2", 0 0, L_000001DE9D0439E0;  1 drivers
v000001DE9CFE34A0_0 .net *"_ivl_20", 0 0, L_000001DE9D042CC0;  1 drivers
L_000001DE9D210280 .functor BUFT 1, C4<1111001>, C4<0>, C4<0>, C4<0>;
v000001DE9CFE2FA0_0 .net/2u *"_ivl_22", 6 0, L_000001DE9D210280;  1 drivers
L_000001DE9D2102C8 .functor BUFT 1, C4<0100>, C4<0>, C4<0>, C4<0>;
v000001DE9CFE3040_0 .net/2u *"_ivl_24", 3 0, L_000001DE9D2102C8;  1 drivers
v000001DE9CFE30E0_0 .net *"_ivl_26", 0 0, L_000001DE9D043EE0;  1 drivers
L_000001DE9D210310 .functor BUFT 1, C4<0110011>, C4<0>, C4<0>, C4<0>;
v000001DE9CFE2AA0_0 .net/2u *"_ivl_28", 6 0, L_000001DE9D210310;  1 drivers
L_000001DE9D210358 .functor BUFT 1, C4<0101>, C4<0>, C4<0>, C4<0>;
v000001DE9CFE2F00_0 .net/2u *"_ivl_30", 3 0, L_000001DE9D210358;  1 drivers
v000001DE9CFE3180_0 .net *"_ivl_32", 0 0, L_000001DE9D042B80;  1 drivers
L_000001DE9D2103A0 .functor BUFT 1, C4<1011011>, C4<0>, C4<0>, C4<0>;
v000001DE9CFE1880_0 .net/2u *"_ivl_34", 6 0, L_000001DE9D2103A0;  1 drivers
L_000001DE9D2103E8 .functor BUFT 1, C4<0110>, C4<0>, C4<0>, C4<0>;
v000001DE9CFE3220_0 .net/2u *"_ivl_36", 3 0, L_000001DE9D2103E8;  1 drivers
v000001DE9CFE19C0_0 .net *"_ivl_38", 0 0, L_000001DE9D042C20;  1 drivers
L_000001DE9D2100D0 .functor BUFT 1, C4<1111110>, C4<0>, C4<0>, C4<0>;
v000001DE9CFE1A60_0 .net/2u *"_ivl_4", 6 0, L_000001DE9D2100D0;  1 drivers
L_000001DE9D210430 .functor BUFT 1, C4<1011111>, C4<0>, C4<0>, C4<0>;
v000001DE9CFE1EC0_0 .net/2u *"_ivl_40", 6 0, L_000001DE9D210430;  1 drivers
L_000001DE9D210478 .functor BUFT 1, C4<0111>, C4<0>, C4<0>, C4<0>;
v000001DE9CFE1D80_0 .net/2u *"_ivl_42", 3 0, L_000001DE9D210478;  1 drivers
v000001DE9CFE1B00_0 .net *"_ivl_44", 0 0, L_000001DE9D043F80;  1 drivers
L_000001DE9D2104C0 .functor BUFT 1, C4<1110000>, C4<0>, C4<0>, C4<0>;
v000001DE9CFE1BA0_0 .net/2u *"_ivl_46", 6 0, L_000001DE9D2104C0;  1 drivers
L_000001DE9D210508 .functor BUFT 1, C4<1000>, C4<0>, C4<0>, C4<0>;
v000001DE9D044340_0 .net/2u *"_ivl_48", 3 0, L_000001DE9D210508;  1 drivers
v000001DE9D042A40_0 .net *"_ivl_50", 0 0, L_000001DE9D0440C0;  1 drivers
L_000001DE9D210550 .functor BUFT 1, C4<1111111>, C4<0>, C4<0>, C4<0>;
v000001DE9D042EA0_0 .net/2u *"_ivl_52", 6 0, L_000001DE9D210550;  1 drivers
L_000001DE9D210598 .functor BUFT 1, C4<1001>, C4<0>, C4<0>, C4<0>;
v000001DE9D044700_0 .net/2u *"_ivl_54", 3 0, L_000001DE9D210598;  1 drivers
v000001DE9D043E40_0 .net *"_ivl_56", 0 0, L_000001DE9D0445C0;  1 drivers
L_000001DE9D2105E0 .functor BUFT 1, C4<1111011>, C4<0>, C4<0>, C4<0>;
v000001DE9D0447A0_0 .net/2u *"_ivl_58", 6 0, L_000001DE9D2105E0;  1 drivers
L_000001DE9D210118 .functor BUFT 1, C4<0001>, C4<0>, C4<0>, C4<0>;
v000001DE9D042AE0_0 .net/2u *"_ivl_6", 3 0, L_000001DE9D210118;  1 drivers
L_000001DE9D210628 .functor BUFT 1, C4<1010>, C4<0>, C4<0>, C4<0>;
v000001DE9D043800_0 .net/2u *"_ivl_60", 3 0, L_000001DE9D210628;  1 drivers
v000001DE9D0429A0_0 .net *"_ivl_62", 0 0, L_000001DE9D044160;  1 drivers
L_000001DE9D210670 .functor BUFT 1, C4<1110111>, C4<0>, C4<0>, C4<0>;
v000001DE9D0438A0_0 .net/2u *"_ivl_64", 6 0, L_000001DE9D210670;  1 drivers
L_000001DE9D2106B8 .functor BUFT 1, C4<1011>, C4<0>, C4<0>, C4<0>;
v000001DE9D043940_0 .net/2u *"_ivl_66", 3 0, L_000001DE9D2106B8;  1 drivers
v000001DE9D043BC0_0 .net *"_ivl_68", 0 0, L_000001DE9D044200;  1 drivers
L_000001DE9D210700 .functor BUFT 1, C4<0011111>, C4<0>, C4<0>, C4<0>;
v000001DE9D0443E0_0 .net/2u *"_ivl_70", 6 0, L_000001DE9D210700;  1 drivers
L_000001DE9D210748 .functor BUFT 1, C4<1100>, C4<0>, C4<0>, C4<0>;
v000001DE9D043440_0 .net/2u *"_ivl_72", 3 0, L_000001DE9D210748;  1 drivers
v000001DE9D042D60_0 .net *"_ivl_74", 0 0, L_000001DE9D0442A0;  1 drivers
L_000001DE9D210790 .functor BUFT 1, C4<1001110>, C4<0>, C4<0>, C4<0>;
v000001DE9D043620_0 .net/2u *"_ivl_76", 6 0, L_000001DE9D210790;  1 drivers
L_000001DE9D2107D8 .functor BUFT 1, C4<1101>, C4<0>, C4<0>, C4<0>;
v000001DE9D043C60_0 .net/2u *"_ivl_78", 3 0, L_000001DE9D2107D8;  1 drivers
v000001DE9D042FE0_0 .net *"_ivl_8", 0 0, L_000001DE9D043B20;  1 drivers
v000001DE9D043580_0 .net *"_ivl_80", 0 0, L_000001DE9D042900;  1 drivers
L_000001DE9D210820 .functor BUFT 1, C4<0111101>, C4<0>, C4<0>, C4<0>;
v000001DE9D042E00_0 .net/2u *"_ivl_82", 6 0, L_000001DE9D210820;  1 drivers
L_000001DE9D210868 .functor BUFT 1, C4<1110>, C4<0>, C4<0>, C4<0>;
v000001DE9D043D00_0 .net/2u *"_ivl_84", 3 0, L_000001DE9D210868;  1 drivers
v000001DE9D0433A0_0 .net *"_ivl_86", 0 0, L_000001DE9D044480;  1 drivers
L_000001DE9D2108B0 .functor BUFT 1, C4<1001111>, C4<0>, C4<0>, C4<0>;
v000001DE9D043080_0 .net/2u *"_ivl_88", 6 0, L_000001DE9D2108B0;  1 drivers
L_000001DE9D2108F8 .functor BUFT 1, C4<1111>, C4<0>, C4<0>, C4<0>;
v000001DE9D0434E0_0 .net/2u *"_ivl_90", 3 0, L_000001DE9D2108F8;  1 drivers
v000001DE9D043A80_0 .net *"_ivl_92", 0 0, L_000001DE9D044520;  1 drivers
L_000001DE9D210940 .functor BUFT 1, C4<1000111>, C4<0>, C4<0>, C4<0>;
v000001DE9D043120_0 .net/2u *"_ivl_94", 6 0, L_000001DE9D210940;  1 drivers
L_000001DE9D210988 .functor BUFT 1, C4<0000000>, C4<0>, C4<0>, C4<0>;
v000001DE9D0431C0_0 .net/2u *"_ivl_96", 6 0, L_000001DE9D210988;  1 drivers
v000001DE9D0436C0_0 .net *"_ivl_98", 6 0, L_000001DE9D044660;  1 drivers
v000001DE9D042F40_0 .net "hex_val", 3 0, v000001DE9D044020_0;  1 drivers
v000001DE9D043260_0 .net "seg", 6 0, L_000001DE9D0463B0;  alias, 1 drivers
L_000001DE9D0439E0 .cmp/eq 4, v000001DE9D044020_0, L_000001DE9D210088;
L_000001DE9D043B20 .cmp/eq 4, v000001DE9D044020_0, L_000001DE9D210118;
L_000001DE9D043300 .cmp/eq 4, v000001DE9D044020_0, L_000001DE9D2101A8;
L_000001DE9D042CC0 .cmp/eq 4, v000001DE9D044020_0, L_000001DE9D210238;
L_000001DE9D043EE0 .cmp/eq 4, v000001DE9D044020_0, L_000001DE9D2102C8;
L_000001DE9D042B80 .cmp/eq 4, v000001DE9D044020_0, L_000001DE9D210358;
L_000001DE9D042C20 .cmp/eq 4, v000001DE9D044020_0, L_000001DE9D2103E8;
L_000001DE9D043F80 .cmp/eq 4, v000001DE9D044020_0, L_000001DE9D210478;
L_000001DE9D0440C0 .cmp/eq 4, v000001DE9D044020_0, L_000001DE9D210508;
L_000001DE9D0445C0 .cmp/eq 4, v000001DE9D044020_0, L_000001DE9D210598;
L_000001DE9D044160 .cmp/eq 4, v000001DE9D044020_0, L_000001DE9D210628;
L_000001DE9D044200 .cmp/eq 4, v000001DE9D044020_0, L_000001DE9D2106B8;
L_000001DE9D0442A0 .cmp/eq 4, v000001DE9D044020_0, L_000001DE9D210748;
L_000001DE9D042900 .cmp/eq 4, v000001DE9D044020_0, L_000001DE9D2107D8;
L_000001DE9D044480 .cmp/eq 4, v000001DE9D044020_0, L_000001DE9D210868;
L_000001DE9D044520 .cmp/eq 4, v000001DE9D044020_0, L_000001DE9D2108F8;
L_000001DE9D044660 .functor MUXZ 7, L_000001DE9D210988, L_000001DE9D210940, L_000001DE9D044520, C4<>;
L_000001DE9D047030 .functor MUXZ 7, L_000001DE9D044660, L_000001DE9D2108B0, L_000001DE9D044480, C4<>;
L_000001DE9D046DB0 .functor MUXZ 7, L_000001DE9D047030, L_000001DE9D210820, L_000001DE9D042900, C4<>;
L_000001DE9D046E50 .functor MUXZ 7, L_000001DE9D046DB0, L_000001DE9D210790, L_000001DE9D0442A0, C4<>;
L_000001DE9D047E90 .functor MUXZ 7, L_000001DE9D046E50, L_000001DE9D210700, L_000001DE9D044200, C4<>;
L_000001DE9D047850 .functor MUXZ 7, L_000001DE9D047E90, L_000001DE9D210670, L_000001DE9D044160, C4<>;
L_000001DE9D047B70 .functor MUXZ 7, L_000001DE9D047850, L_000001DE9D2105E0, L_000001DE9D0445C0, C4<>;
L_000001DE9D047490 .functor MUXZ 7, L_000001DE9D047B70, L_000001DE9D210550, L_000001DE9D0440C0, C4<>;
L_000001DE9D0470D0 .functor MUXZ 7, L_000001DE9D047490, L_000001DE9D2104C0, L_000001DE9D043F80, C4<>;
L_000001DE9D0475D0 .functor MUXZ 7, L_000001DE9D0470D0, L_000001DE9D210430, L_000001DE9D042C20, C4<>;
L_000001DE9D0468B0 .functor MUXZ 7, L_000001DE9D0475D0, L_000001DE9D2103A0, L_000001DE9D042B80, C4<>;
L_000001DE9D046C70 .functor MUXZ 7, L_000001DE9D0468B0, L_000001DE9D210310, L_000001DE9D043EE0, C4<>;
L_000001DE9D046810 .functor MUXZ 7, L_000001DE9D046C70, L_000001DE9D210280, L_000001DE9D042CC0, C4<>;
L_000001DE9D0473F0 .functor MUXZ 7, L_000001DE9D046810, L_000001DE9D2101F0, L_000001DE9D043300, C4<>;
L_000001DE9D046310 .functor MUXZ 7, L_000001DE9D0473F0, L_000001DE9D210160, L_000001DE9D043B20, C4<>;
L_000001DE9D0463B0 .functor MUXZ 7, L_000001DE9D046310, L_000001DE9D2100D0, L_000001DE9D0439E0, C4<>;
    .scope S_000001DE9CFEF0C0;
T_0 ;
    %vpi_call 2 20 "$dumpfile", "seven_seg_simulation.vcd" {0 0 0};
    %vpi_call 2 21 "$dumpvars", 32'sb00000000000000000000000000000000, S_000001DE9CFEF0C0 {0 0 0};
    %vpi_call 2 24 "$display", "Time\011Input(Hex)\011Segments(abcdefg)" {0 0 0};
    %vpi_call 2 25 "$monitor", "%0d\011%h\011\011%b", $time, v000001DE9D044020_0, v000001DE9D043DA0_0 {0 0 0};
    %pushi/vec4 0, 0, 32;
    %store/vec4 v000001DE9D043760_0, 0, 32;
T_0.0 ; Top of for-loop
    %load/vec4 v000001DE9D043760_0;
    %cmpi/s 16, 0, 32;
	  %jmp/0xz T_0.1, 5;
    %load/vec4 v000001DE9D043760_0;
    %pad/s 4;
    %store/vec4 v000001DE9D044020_0, 0, 4;
    %delay 10000, 0;
T_0.2 ; for-loop step statement
    %load/vec4 v000001DE9D043760_0;
    %addi 1, 0, 32;
    %store/vec4 v000001DE9D043760_0, 0, 32;
    %jmp T_0.0;
T_0.1 ; for-loop exit label
    %vpi_call 2 34 "$finish" {0 0 0};
    %end;
    .thread T_0;
# The file index is used to find the file name in the following table.
:file_names 4;
    "N/A";
    "<interactive>";
    "testbench.v";
    "module.v";
