#! /c/Source/iverilog-install/bin/vvp
:ivl_version "14.0 (devel)";
:ivl_delay_selection "TYPICAL";
:vpi_time_precision - 12;
:vpi_module "C:\iverilog\lib\ivl\system.vpi";
:vpi_module "C:\iverilog\lib\ivl\vhdl_sys.vpi";
:vpi_module "C:\iverilog\lib\ivl\vhdl_textio.vpi";
:vpi_module "C:\iverilog\lib\ivl\v2005_math.vpi";
:vpi_module "C:\iverilog\lib\ivl\va_math.vpi";
S_000001992A9F6C80 .scope module, "tb_priority_encoder_df" "tb_priority_encoder_df" 2 3;
 .timescale -9 -12;
v000001992A9F5F10_0 .var/i "i", 31 0;
v000001992A9F5290_0 .net "idle", 0 0, L_000001992A9F6050;  1 drivers
v000001992A9F5330_0 .var "in", 3 0;
v000001992A9F5B50_0 .net "out", 1 0, L_000001992A9F58D0;  1 drivers
S_000001992A9F6660 .scope module, "uut" "priority_encoder_df" 2 16, 3 1 0, S_000001992A9F6C80;
 .timescale 0 0;
    .port_info 0 /INPUT 4 "in";
    .port_info 1 /OUTPUT 2 "out";
    .port_info 2 /OUTPUT 1 "idle";
L_000001992AB50088 .functor BUFT 1, C4<0000>, C4<0>, C4<0>, C4<0>;
v000001992A9F5970_0 .net/2u *"_ivl_0", 3 0, L_000001992AB50088;  1 drivers
L_000001992AB50118 .functor BUFT 1, C4<10>, C4<0>, C4<0>, C4<0>;
v000001992A9F5510_0 .net/2u *"_ivl_10", 1 0, L_000001992AB50118;  1 drivers
v000001992A9F53D0_0 .net *"_ivl_13", 0 0, L_000001992A9F5650;  1 drivers
L_000001992AB50160 .functor BUFT 1, C4<01>, C4<0>, C4<0>, C4<0>;
v000001992A9F5D30_0 .net/2u *"_ivl_14", 1 0, L_000001992AB50160;  1 drivers
L_000001992AB501A8 .functor BUFT 1, C4<00>, C4<0>, C4<0>, C4<0>;
v000001992A9F6190_0 .net/2u *"_ivl_16", 1 0, L_000001992AB501A8;  1 drivers
v000001992A9F60F0_0 .net *"_ivl_18", 1 0, L_000001992A9F56F0;  1 drivers
v000001992A9F5C90_0 .net *"_ivl_20", 1 0, L_000001992A9F5830;  1 drivers
v000001992A9F5DD0_0 .net *"_ivl_5", 0 0, L_000001992A9F5790;  1 drivers
L_000001992AB500D0 .functor BUFT 1, C4<11>, C4<0>, C4<0>, C4<0>;
v000001992A9F5A10_0 .net/2u *"_ivl_6", 1 0, L_000001992AB500D0;  1 drivers
v000001992A9F5BF0_0 .net *"_ivl_9", 0 0, L_000001992A9F55B0;  1 drivers
v000001992A9F5AB0_0 .net "idle", 0 0, L_000001992A9F6050;  alias, 1 drivers
v000001992A9F5E70_0 .net "in", 3 0, v000001992A9F5330_0;  1 drivers
v000001992A9F5470_0 .net "out", 1 0, L_000001992A9F58D0;  alias, 1 drivers
L_000001992A9F6050 .cmp/eq 4, v000001992A9F5330_0, L_000001992AB50088;
L_000001992A9F5790 .part v000001992A9F5330_0, 3, 1;
L_000001992A9F55B0 .part v000001992A9F5330_0, 2, 1;
L_000001992A9F5650 .part v000001992A9F5330_0, 1, 1;
L_000001992A9F56F0 .functor MUXZ 2, L_000001992AB501A8, L_000001992AB50160, L_000001992A9F5650, C4<>;
L_000001992A9F5830 .functor MUXZ 2, L_000001992A9F56F0, L_000001992AB50118, L_000001992A9F55B0, C4<>;
L_000001992A9F58D0 .functor MUXZ 2, L_000001992A9F5830, L_000001992AB500D0, L_000001992A9F5790, C4<>;
    .scope S_000001992A9F6C80;
T_0 ;
    %vpi_call 2 24 "$monitor", "Time = %0t ns | Input [3:0] = %b | Output [1:0] = %b | Idle = %b", $time, v000001992A9F5330_0, v000001992A9F5B50_0, v000001992A9F5290_0 {0 0 0};
    %end;
    .thread T_0;
    .scope S_000001992A9F6C80;
T_1 ;
    %vpi_call 2 30 "$dumpfile", "priority_df_waveform.vcd" {0 0 0};
    %vpi_call 2 31 "$dumpvars", 32'sb00000000000000000000000000000000, S_000001992A9F6C80 {0 0 0};
    %pushi/vec4 0, 0, 32;
    %store/vec4 v000001992A9F5F10_0, 0, 32;
T_1.0 ; Top of for-loop
    %load/vec4 v000001992A9F5F10_0;
    %cmpi/s 16, 0, 32;
	  %jmp/0xz T_1.1, 5;
    %load/vec4 v000001992A9F5F10_0;
    %pad/s 4;
    %store/vec4 v000001992A9F5330_0, 0, 4;
    %delay 10000, 0;
T_1.2 ; for-loop step statement
    %load/vec4 v000001992A9F5F10_0;
    %addi 1, 0, 32;
    %store/vec4 v000001992A9F5F10_0, 0, 32;
    %jmp T_1.0;
T_1.1 ; for-loop exit label
    %vpi_call 2 40 "$finish" {0 0 0};
    %end;
    .thread T_1;
# The file index is used to find the file name in the following table.
:file_names 4;
    "N/A";
    "<interactive>";
    "testbench.v";
    "module.v";
