#! /c/Source/iverilog-install/bin/vvp
:ivl_version "14.0 (devel)";
:ivl_delay_selection "TYPICAL";
:vpi_time_precision - 12;
:vpi_module "C:\iverilog\lib\ivl\system.vpi";
:vpi_module "C:\iverilog\lib\ivl\vhdl_sys.vpi";
:vpi_module "C:\iverilog\lib\ivl\vhdl_textio.vpi";
:vpi_module "C:\iverilog\lib\ivl\v2005_math.vpi";
:vpi_module "C:\iverilog\lib\ivl\va_math.vpi";
S_000002022E449700 .scope module, "tb_pipo" "tb_pipo" 2 3;
 .timescale -9 -12;
v000002022E4918C0_0 .var "clk", 0 0;
v000002022E491960_0 .var "d", 3 0;
v000002022E491A00_0 .net "q", 3 0, v000002022E449AC0_0;  1 drivers
v000002022E491AA0_0 .var "reset", 0 0;
S_000002022E449890 .scope module, "uut" "pipo" 2 10, 3 1 0, S_000002022E449700;
 .timescale 0 0;
    .port_info 0 /INPUT 1 "clk";
    .port_info 1 /INPUT 1 "reset";
    .port_info 2 /INPUT 4 "d";
    .port_info 3 /OUTPUT 4 "q";
v000002022E449A20_0 .net "clk", 0 0, v000002022E4918C0_0;  1 drivers
v000002022E40C940_0 .net "d", 3 0, v000002022E491960_0;  1 drivers
v000002022E449AC0_0 .var "q", 3 0;
v000002022E491820_0 .net "reset", 0 0, v000002022E491AA0_0;  1 drivers
E_000002022E44AA40 .event posedge, v000002022E491820_0, v000002022E449A20_0;
    .scope S_000002022E449890;
T_0 ;
    %wait E_000002022E44AA40;
    %load/vec4 v000002022E491820_0;
    %flag_set/vec4 8;
    %jmp/0xz  T_0.0, 8;
    %pushi/vec4 0, 0, 4;
    %assign/vec4 v000002022E449AC0_0, 0;
    %jmp T_0.1;
T_0.0 ;
    %load/vec4 v000002022E40C940_0;
    %assign/vec4 v000002022E449AC0_0, 0;
T_0.1 ;
    %jmp T_0;
    .thread T_0;
    .scope S_000002022E449700;
T_1 ;
    %delay 5000, 0;
    %load/vec4 v000002022E4918C0_0;
    %inv;
    %store/vec4 v000002022E4918C0_0, 0, 1;
    %jmp T_1;
    .thread T_1;
    .scope S_000002022E449700;
T_2 ;
    %vpi_call 2 22 "$dumpfile", "pipo.vcd" {0 0 0};
    %vpi_call 2 23 "$dumpvars", 32'sb00000000000000000000000000000000, S_000002022E449700 {0 0 0};
    %pushi/vec4 0, 0, 1;
    %store/vec4 v000002022E4918C0_0, 0, 1;
    %pushi/vec4 1, 0, 1;
    %store/vec4 v000002022E491AA0_0, 0, 1;
    %pushi/vec4 0, 0, 4;
    %store/vec4 v000002022E491960_0, 0, 4;
    %delay 10000, 0;
    %pushi/vec4 0, 0, 1;
    %store/vec4 v000002022E491AA0_0, 0, 1;
    %delay 2000, 0;
    %pushi/vec4 10, 0, 4;
    %store/vec4 v000002022E491960_0, 0, 4;
    %delay 10000, 0;
    %pushi/vec4 12, 0, 4;
    %store/vec4 v000002022E491960_0, 0, 4;
    %delay 10000, 0;
    %pushi/vec4 7, 0, 4;
    %store/vec4 v000002022E491960_0, 0, 4;
    %delay 10000, 0;
    %pushi/vec4 9, 0, 4;
    %store/vec4 v000002022E491960_0, 0, 4;
    %delay 10000, 0;
    %vpi_call 2 42 "$finish" {0 0 0};
    %end;
    .thread T_2;
# The file index is used to find the file name in the following table.
:file_names 4;
    "N/A";
    "<interactive>";
    "testbench.v";
    "module.v";
