#! /c/Source/iverilog-install/bin/vvp
:ivl_version "14.0 (devel)";
:ivl_delay_selection "TYPICAL";
:vpi_time_precision - 12;
:vpi_module "C:\iverilog\lib\ivl\system.vpi";
:vpi_module "C:\iverilog\lib\ivl\vhdl_sys.vpi";
:vpi_module "C:\iverilog\lib\ivl\vhdl_textio.vpi";
:vpi_module "C:\iverilog\lib\ivl\v2005_math.vpi";
:vpi_module "C:\iverilog\lib\ivl\va_math.vpi";
S_0000023CC6742860 .scope module, "tb_mux2x1" "tb_mux2x1" 2 3;
 .timescale -9 -12;
v0000023CC67539F0_0 .var "a", 0 0;
v0000023CC6753A90_0 .var "b", 0 0;
v0000023CC6753B30_0 .var "sel", 0 0;
v0000023CC6753BD0_0 .net "y", 0 0, v0000023CC6742660_0;  1 drivers
S_0000023CC67429F0 .scope module, "uut" "mux2x1" 2 10, 3 1 0, S_0000023CC6742860;
 .timescale 0 0;
    .port_info 0 /INPUT 1 "a";
    .port_info 1 /INPUT 1 "b";
    .port_info 2 /INPUT 1 "sel";
    .port_info 3 /OUTPUT 1 "y";
v0000023CC6742BF0_0 .net "a", 0 0, v0000023CC67539F0_0;  1 drivers
v0000023CC6758930_0 .net "b", 0 0, v0000023CC6753A90_0;  1 drivers
v0000023CC67425C0_0 .net "sel", 0 0, v0000023CC6753B30_0;  1 drivers
v0000023CC6742660_0 .var "y", 0 0;
E_0000023CC6743350 .event anyedge, v0000023CC67425C0_0, v0000023CC6742BF0_0, v0000023CC6758930_0;
    .scope S_0000023CC67429F0;
T_0 ;
    %wait E_0000023CC6743350;
    %load/vec4 v0000023CC67425C0_0;
    %cmpi/e 0, 0, 1;
    %jmp/0xz  T_0.0, 4;
    %load/vec4 v0000023CC6742BF0_0;
    %store/vec4 v0000023CC6742660_0, 0, 1;
    %jmp T_0.1;
T_0.0 ;
    %load/vec4 v0000023CC6758930_0;
    %store/vec4 v0000023CC6742660_0, 0, 1;
T_0.1 ;
    %jmp T_0;
    .thread T_0, $push;
    .scope S_0000023CC6742860;
T_1 ;
    %vpi_call 2 19 "$dumpfile", "mux2x1.vcd" {0 0 0};
    %vpi_call 2 20 "$dumpvars", 32'sb00000000000000000000000000000000, S_0000023CC6742860 {0 0 0};
    %end;
    .thread T_1;
    .scope S_0000023CC6742860;
T_2 ;
    %vpi_call 2 24 "$monitor", "Time=%0t | A=%b B=%b SEL=%b | Y=%b", $time, v0000023CC67539F0_0, v0000023CC6753A90_0, v0000023CC6753B30_0, v0000023CC6753BD0_0 {0 0 0};
    %pushi/vec4 0, 0, 1;
    %store/vec4 v0000023CC67539F0_0, 0, 1;
    %pushi/vec4 0, 0, 1;
    %store/vec4 v0000023CC6753A90_0, 0, 1;
    %pushi/vec4 0, 0, 1;
    %store/vec4 v0000023CC6753B30_0, 0, 1;
    %delay 10000, 0;
    %pushi/vec4 1, 0, 1;
    %store/vec4 v0000023CC67539F0_0, 0, 1;
    %pushi/vec4 0, 0, 1;
    %store/vec4 v0000023CC6753A90_0, 0, 1;
    %pushi/vec4 0, 0, 1;
    %store/vec4 v0000023CC6753B30_0, 0, 1;
    %delay 10000, 0;
    %pushi/vec4 0, 0, 1;
    %store/vec4 v0000023CC67539F0_0, 0, 1;
    %pushi/vec4 1, 0, 1;
    %store/vec4 v0000023CC6753A90_0, 0, 1;
    %pushi/vec4 1, 0, 1;
    %store/vec4 v0000023CC6753B30_0, 0, 1;
    %delay 10000, 0;
    %pushi/vec4 1, 0, 1;
    %store/vec4 v0000023CC67539F0_0, 0, 1;
    %pushi/vec4 0, 0, 1;
    %store/vec4 v0000023CC6753A90_0, 0, 1;
    %pushi/vec4 1, 0, 1;
    %store/vec4 v0000023CC6753B30_0, 0, 1;
    %delay 10000, 0;
    %pushi/vec4 1, 0, 1;
    %store/vec4 v0000023CC67539F0_0, 0, 1;
    %pushi/vec4 1, 0, 1;
    %store/vec4 v0000023CC6753A90_0, 0, 1;
    %pushi/vec4 0, 0, 1;
    %store/vec4 v0000023CC6753B30_0, 0, 1;
    %delay 10000, 0;
    %vpi_call 2 42 "$finish" {0 0 0};
    %end;
    .thread T_2;
# The file index is used to find the file name in the following table.
:file_names 4;
    "N/A";
    "<interactive>";
    "testbench.v";
    "module.v";
