#! /c/Source/iverilog-install/bin/vvp
:ivl_version "14.0 (devel)";
:ivl_delay_selection "TYPICAL";
:vpi_time_precision - 12;
:vpi_module "C:\iverilog\lib\ivl\system.vpi";
:vpi_module "C:\iverilog\lib\ivl\vhdl_sys.vpi";
:vpi_module "C:\iverilog\lib\ivl\vhdl_textio.vpi";
:vpi_module "C:\iverilog\lib\ivl\v2005_math.vpi";
:vpi_module "C:\iverilog\lib\ivl\va_math.vpi";
S_000002BBFF0B4480 .scope module, "bcd_excess3_tb" "bcd_excess3_tb" 2 3;
 .timescale -9 -12;
v000002BBFF0CB1F0_0 .var "bcd", 3 0;
v000002BBFF0B4A90_0 .net "excess3", 3 0, v000002BBFF08D820_0;  1 drivers
S_000002BBFF0B4860 .scope module, "uut" "bcd_excess3" 2 9, 3 1 0, S_000002BBFF0B4480;
 .timescale 0 0;
    .port_info 0 /INPUT 4 "bcd";
    .port_info 1 /OUTPUT 4 "excess3";
v000002BBFF0B49F0_0 .net "bcd", 3 0, v000002BBFF0CB1F0_0;  1 drivers
v000002BBFF08D820_0 .var "excess3", 3 0;
E_000002BBFF0B66E0 .event anyedge, v000002BBFF0B49F0_0;
    .scope S_000002BBFF0B4860;
T_0 ;
    %wait E_000002BBFF0B66E0;
    %load/vec4 v000002BBFF0B49F0_0;
    %dup/vec4;
    %pushi/vec4 0, 0, 4;
    %cmp/e;
    %jmp/1 T_0.0, 6;
    %dup/vec4;
    %pushi/vec4 1, 0, 4;
    %cmp/e;
    %jmp/1 T_0.1, 6;
    %dup/vec4;
    %pushi/vec4 2, 0, 4;
    %cmp/e;
    %jmp/1 T_0.2, 6;
    %dup/vec4;
    %pushi/vec4 3, 0, 4;
    %cmp/e;
    %jmp/1 T_0.3, 6;
    %dup/vec4;
    %pushi/vec4 4, 0, 4;
    %cmp/e;
    %jmp/1 T_0.4, 6;
    %dup/vec4;
    %pushi/vec4 5, 0, 4;
    %cmp/e;
    %jmp/1 T_0.5, 6;
    %dup/vec4;
    %pushi/vec4 6, 0, 4;
    %cmp/e;
    %jmp/1 T_0.6, 6;
    %dup/vec4;
    %pushi/vec4 7, 0, 4;
    %cmp/e;
    %jmp/1 T_0.7, 6;
    %dup/vec4;
    %pushi/vec4 8, 0, 4;
    %cmp/e;
    %jmp/1 T_0.8, 6;
    %dup/vec4;
    %pushi/vec4 9, 0, 4;
    %cmp/e;
    %jmp/1 T_0.9, 6;
    %pushi/vec4 15, 15, 4;
    %store/vec4 v000002BBFF08D820_0, 0, 4;
    %jmp T_0.11;
T_0.0 ;
    %pushi/vec4 3, 0, 4;
    %store/vec4 v000002BBFF08D820_0, 0, 4;
    %jmp T_0.11;
T_0.1 ;
    %pushi/vec4 4, 0, 4;
    %store/vec4 v000002BBFF08D820_0, 0, 4;
    %jmp T_0.11;
T_0.2 ;
    %pushi/vec4 5, 0, 4;
    %store/vec4 v000002BBFF08D820_0, 0, 4;
    %jmp T_0.11;
T_0.3 ;
    %pushi/vec4 6, 0, 4;
    %store/vec4 v000002BBFF08D820_0, 0, 4;
    %jmp T_0.11;
T_0.4 ;
    %pushi/vec4 7, 0, 4;
    %store/vec4 v000002BBFF08D820_0, 0, 4;
    %jmp T_0.11;
T_0.5 ;
    %pushi/vec4 8, 0, 4;
    %store/vec4 v000002BBFF08D820_0, 0, 4;
    %jmp T_0.11;
T_0.6 ;
    %pushi/vec4 9, 0, 4;
    %store/vec4 v000002BBFF08D820_0, 0, 4;
    %jmp T_0.11;
T_0.7 ;
    %pushi/vec4 10, 0, 4;
    %store/vec4 v000002BBFF08D820_0, 0, 4;
    %jmp T_0.11;
T_0.8 ;
    %pushi/vec4 11, 0, 4;
    %store/vec4 v000002BBFF08D820_0, 0, 4;
    %jmp T_0.11;
T_0.9 ;
    %pushi/vec4 12, 0, 4;
    %store/vec4 v000002BBFF08D820_0, 0, 4;
    %jmp T_0.11;
T_0.11 ;
    %pop/vec4 1;
    %jmp T_0;
    .thread T_0, $push;
    .scope S_000002BBFF0B4480;
T_1 ;
    %vpi_call 2 17 "$dumpfile", "bcd_excess3.vcd" {0 0 0};
    %vpi_call 2 18 "$dumpvars", 32'sb00000000000000000000000000000000, S_000002BBFF0B4480 {0 0 0};
    %vpi_call 2 20 "$monitor", "Time=%0t | BCD=%b | Excess-3=%b", $time, v000002BBFF0CB1F0_0, v000002BBFF0B4A90_0 {0 0 0};
    %pushi/vec4 0, 0, 4;
    %store/vec4 v000002BBFF0CB1F0_0, 0, 4;
    %delay 10000, 0;
    %pushi/vec4 1, 0, 4;
    %store/vec4 v000002BBFF0CB1F0_0, 0, 4;
    %delay 10000, 0;
    %pushi/vec4 2, 0, 4;
    %store/vec4 v000002BBFF0CB1F0_0, 0, 4;
    %delay 10000, 0;
    %pushi/vec4 3, 0, 4;
    %store/vec4 v000002BBFF0CB1F0_0, 0, 4;
    %delay 10000, 0;
    %pushi/vec4 4, 0, 4;
    %store/vec4 v000002BBFF0CB1F0_0, 0, 4;
    %delay 10000, 0;
    %pushi/vec4 5, 0, 4;
    %store/vec4 v000002BBFF0CB1F0_0, 0, 4;
    %delay 10000, 0;
    %pushi/vec4 6, 0, 4;
    %store/vec4 v000002BBFF0CB1F0_0, 0, 4;
    %delay 10000, 0;
    %pushi/vec4 7, 0, 4;
    %store/vec4 v000002BBFF0CB1F0_0, 0, 4;
    %delay 10000, 0;
    %pushi/vec4 8, 0, 4;
    %store/vec4 v000002BBFF0CB1F0_0, 0, 4;
    %delay 10000, 0;
    %pushi/vec4 9, 0, 4;
    %store/vec4 v000002BBFF0CB1F0_0, 0, 4;
    %delay 10000, 0;
    %pushi/vec4 10, 0, 4;
    %store/vec4 v000002BBFF0CB1F0_0, 0, 4;
    %delay 10000, 0;
    %vpi_call 2 67 "$finish" {0 0 0};
    %end;
    .thread T_1;
# The file index is used to find the file name in the following table.
:file_names 4;
    "N/A";
    "<interactive>";
    "testbench.v";
    "module.v";
