#! /c/Source/iverilog-install/bin/vvp
:ivl_version "14.0 (devel)";
:ivl_delay_selection "TYPICAL";
:vpi_time_precision - 12;
:vpi_module "C:\iverilog\lib\ivl\system.vpi";
:vpi_module "C:\iverilog\lib\ivl\vhdl_sys.vpi";
:vpi_module "C:\iverilog\lib\ivl\vhdl_textio.vpi";
:vpi_module "C:\iverilog\lib\ivl\v2005_math.vpi";
:vpi_module "C:\iverilog\lib\ivl\va_math.vpi";
S_000001A811840A90 .scope module, "priority_encoder_tb" "priority_encoder_tb" 2 3;
 .timescale -9 -12;
v000001A811824120_0 .var "D", 3 0;
v000001A8118241C0_0 .net "Y", 1 0, v000001A8117FE260_0;  1 drivers
v000001A811824260_0 .net "valid", 0 0, v000001A81183AB60_0;  1 drivers
S_000001A811823F90 .scope module, "uut" "priority_encoder" 2 11, 3 1 0, S_000001A811840A90;
 .timescale 0 0;
    .port_info 0 /INPUT 4 "D";
    .port_info 1 /OUTPUT 2 "Y";
    .port_info 2 /OUTPUT 1 "valid";
v000001A811840C20_0 .net "D", 3 0, v000001A811824120_0;  1 drivers
v000001A8117FE260_0 .var "Y", 1 0;
v000001A81183AB60_0 .var "valid", 0 0;
E_000001A811825200 .event anyedge, v000001A811840C20_0;
    .scope S_000001A811823F90;
T_0 ;
    %wait E_000001A811825200;
    %pushi/vec4 0, 0, 2;
    %store/vec4 v000001A8117FE260_0, 0, 2;
    %pushi/vec4 1, 0, 1;
    %store/vec4 v000001A81183AB60_0, 0, 1;
    %load/vec4 v000001A811840C20_0;
    %parti/s 1, 3, 3;
    %cmpi/e 1, 0, 1;
    %jmp/0xz  T_0.0, 4;
    %pushi/vec4 3, 0, 2;
    %store/vec4 v000001A8117FE260_0, 0, 2;
    %jmp T_0.1;
T_0.0 ;
    %load/vec4 v000001A811840C20_0;
    %parti/s 1, 2, 3;
    %cmpi/e 1, 0, 1;
    %jmp/0xz  T_0.2, 4;
    %pushi/vec4 2, 0, 2;
    %store/vec4 v000001A8117FE260_0, 0, 2;
    %jmp T_0.3;
T_0.2 ;
    %load/vec4 v000001A811840C20_0;
    %parti/s 1, 1, 2;
    %cmpi/e 1, 0, 1;
    %jmp/0xz  T_0.4, 4;
    %pushi/vec4 1, 0, 2;
    %store/vec4 v000001A8117FE260_0, 0, 2;
    %jmp T_0.5;
T_0.4 ;
    %load/vec4 v000001A811840C20_0;
    %parti/s 1, 0, 2;
    %cmpi/e 1, 0, 1;
    %jmp/0xz  T_0.6, 4;
    %pushi/vec4 0, 0, 2;
    %store/vec4 v000001A8117FE260_0, 0, 2;
    %jmp T_0.7;
T_0.6 ;
    %pushi/vec4 0, 0, 2;
    %store/vec4 v000001A8117FE260_0, 0, 2;
    %pushi/vec4 0, 0, 1;
    %store/vec4 v000001A81183AB60_0, 0, 1;
T_0.7 ;
T_0.5 ;
T_0.3 ;
T_0.1 ;
    %jmp T_0;
    .thread T_0, $push;
    .scope S_000001A811840A90;
T_1 ;
    %vpi_call 2 20 "$dumpfile", "priority_encoder.vcd" {0 0 0};
    %vpi_call 2 21 "$dumpvars", 32'sb00000000000000000000000000000000, S_000001A811840A90 {0 0 0};
    %vpi_call 2 23 "$monitor", "Time=%0t | D=%b | Y=%b | Valid=%b", $time, v000001A811824120_0, v000001A8118241C0_0, v000001A811824260_0 {0 0 0};
    %pushi/vec4 1, 0, 4;
    %store/vec4 v000001A811824120_0, 0, 4;
    %delay 10000, 0;
    %pushi/vec4 2, 0, 4;
    %store/vec4 v000001A811824120_0, 0, 4;
    %delay 10000, 0;
    %pushi/vec4 4, 0, 4;
    %store/vec4 v000001A811824120_0, 0, 4;
    %delay 10000, 0;
    %pushi/vec4 8, 0, 4;
    %store/vec4 v000001A811824120_0, 0, 4;
    %delay 10000, 0;
    %pushi/vec4 6, 0, 4;
    %store/vec4 v000001A811824120_0, 0, 4;
    %delay 10000, 0;
    %pushi/vec4 10, 0, 4;
    %store/vec4 v000001A811824120_0, 0, 4;
    %delay 10000, 0;
    %pushi/vec4 15, 0, 4;
    %store/vec4 v000001A811824120_0, 0, 4;
    %delay 10000, 0;
    %pushi/vec4 0, 0, 4;
    %store/vec4 v000001A811824120_0, 0, 4;
    %delay 10000, 0;
    %vpi_call 2 77 "$finish" {0 0 0};
    %end;
    .thread T_1;
# The file index is used to find the file name in the following table.
:file_names 4;
    "N/A";
    "<interactive>";
    "testbench.v";
    "module.v";
