#! /c/Source/iverilog-install/bin/vvp
:ivl_version "14.0 (devel)";
:ivl_delay_selection "TYPICAL";
:vpi_time_precision - 12;
:vpi_module "C:\iverilog\lib\ivl\system.vpi";
:vpi_module "C:\iverilog\lib\ivl\vhdl_sys.vpi";
:vpi_module "C:\iverilog\lib\ivl\vhdl_textio.vpi";
:vpi_module "C:\iverilog\lib\ivl\v2005_math.vpi";
:vpi_module "C:\iverilog\lib\ivl\va_math.vpi";
S_000002C6A6492DC0 .scope module, "tb_xnor_gate" "tb_xnor_gate" 2 3;
 .timescale -9 -12;
v000002C6A64933B0_0 .var "a", 0 0;
v000002C6A6493450_0 .var "b", 0 0;
v000002C6A64EE840_0 .net "out", 0 0, L_000002C6A64934F0;  1 drivers
S_000002C6A6493220 .scope module, "uut" "xnor_gate" 2 12, 3 1 0, S_000002C6A6492DC0;
 .timescale 0 0;
    .port_info 0 /INPUT 1 "a";
    .port_info 1 /INPUT 1 "b";
    .port_info 2 /OUTPUT 1 "out";
L_000002C6A64934F0 .functor XNOR 1, v000002C6A64933B0_0, v000002C6A6493450_0, C4<0>, C4<0>;
v000002C6A6492F50_0 .net "a", 0 0, v000002C6A64933B0_0;  1 drivers
v000002C6A646C620_0 .net "b", 0 0, v000002C6A6493450_0;  1 drivers
v000002C6A6492770_0 .net "out", 0 0, L_000002C6A64934F0;  alias, 1 drivers
    .scope S_000002C6A6492DC0;
T_0 ;
    %vpi_call 2 20 "$monitor", "Time = %0t ns | Input A = %b | Input B = %b | Output OUT = %b", $time, v000002C6A64933B0_0, v000002C6A6493450_0, v000002C6A64EE840_0 {0 0 0};
    %end;
    .thread T_0;
    .scope S_000002C6A6492DC0;
T_1 ;
    %vpi_call 2 26 "$dumpfile", "xnor_waveform.vcd" {0 0 0};
    %vpi_call 2 27 "$dumpvars", 32'sb00000000000000000000000000000000, S_000002C6A6492DC0 {0 0 0};
    %pushi/vec4 0, 0, 1;
    %store/vec4 v000002C6A64933B0_0, 0, 1;
    %pushi/vec4 0, 0, 1;
    %store/vec4 v000002C6A6493450_0, 0, 1;
    %delay 10000, 0;
    %pushi/vec4 0, 0, 1;
    %store/vec4 v000002C6A64933B0_0, 0, 1;
    %pushi/vec4 1, 0, 1;
    %store/vec4 v000002C6A6493450_0, 0, 1;
    %delay 10000, 0;
    %pushi/vec4 1, 0, 1;
    %store/vec4 v000002C6A64933B0_0, 0, 1;
    %pushi/vec4 0, 0, 1;
    %store/vec4 v000002C6A6493450_0, 0, 1;
    %delay 10000, 0;
    %pushi/vec4 1, 0, 1;
    %store/vec4 v000002C6A64933B0_0, 0, 1;
    %pushi/vec4 1, 0, 1;
    %store/vec4 v000002C6A6493450_0, 0, 1;
    %delay 10000, 0;
    %vpi_call 2 46 "$finish" {0 0 0};
    %end;
    .thread T_1;
# The file index is used to find the file name in the following table.
:file_names 4;
    "N/A";
    "<interactive>";
    "testbench.v";
    "module.v";
