#! /c/Source/iverilog-install/bin/vvp
:ivl_version "14.0 (devel)";
:ivl_delay_selection "TYPICAL";
:vpi_time_precision - 12;
:vpi_module "C:\iverilog\lib\ivl\system.vpi";
:vpi_module "C:\iverilog\lib\ivl\vhdl_sys.vpi";
:vpi_module "C:\iverilog\lib\ivl\vhdl_textio.vpi";
:vpi_module "C:\iverilog\lib\ivl\v2005_math.vpi";
:vpi_module "C:\iverilog\lib\ivl\va_math.vpi";
S_00000183EEE12460 .scope module, "parity_checker_tb" "parity_checker_tb" 2 3;
 .timescale -9 -12;
v00000183EEE29AF0_0 .var "data", 3 0;
v00000183EEE29B90_0 .net "error", 0 0, v00000183EEDEC2A0_0;  1 drivers
v00000183EEE29C30_0 .var "parity", 0 0;
S_00000183EEE298C0 .scope module, "uut" "parity_checker" 2 11, 3 1 0, S_00000183EEE12460;
 .timescale 0 0;
    .port_info 0 /INPUT 4 "data";
    .port_info 1 /INPUT 1 "parity";
    .port_info 2 /OUTPUT 1 "error";
v00000183EEE125F0_0 .net "data", 3 0, v00000183EEE29AF0_0;  1 drivers
v00000183EEDEC2A0_0 .var "error", 0 0;
v00000183EEE29A50_0 .net "parity", 0 0, v00000183EEE29C30_0;  1 drivers
E_00000183EEE14EC0 .event anyedge, v00000183EEE125F0_0, v00000183EEE29A50_0;
    .scope S_00000183EEE298C0;
T_0 ;
    %wait E_00000183EEE14EC0;
    %load/vec4 v00000183EEE125F0_0;
    %parti/s 1, 3, 3;
    %load/vec4 v00000183EEE125F0_0;
    %parti/s 1, 2, 3;
    %xor;
    %load/vec4 v00000183EEE125F0_0;
    %parti/s 1, 1, 2;
    %xor;
    %load/vec4 v00000183EEE125F0_0;
    %parti/s 1, 0, 2;
    %xor;
    %load/vec4 v00000183EEE29A50_0;
    %xor;
    %flag_set/vec4 8;
    %jmp/0xz  T_0.0, 8;
    %pushi/vec4 1, 0, 1;
    %store/vec4 v00000183EEDEC2A0_0, 0, 1;
    %jmp T_0.1;
T_0.0 ;
    %pushi/vec4 0, 0, 1;
    %store/vec4 v00000183EEDEC2A0_0, 0, 1;
T_0.1 ;
    %jmp T_0;
    .thread T_0, $push;
    .scope S_00000183EEE12460;
T_1 ;
    %vpi_call 2 20 "$dumpfile", "parity_checker.vcd" {0 0 0};
    %vpi_call 2 21 "$dumpvars", 32'sb00000000000000000000000000000000, S_00000183EEE12460 {0 0 0};
    %vpi_call 2 23 "$monitor", "Time=%0t | Data=%b | Parity=%b | Error=%b", $time, v00000183EEE29AF0_0, v00000183EEE29C30_0, v00000183EEE29B90_0 {0 0 0};
    %pushi/vec4 0, 0, 4;
    %store/vec4 v00000183EEE29AF0_0, 0, 4;
    %pushi/vec4 0, 0, 1;
    %store/vec4 v00000183EEE29C30_0, 0, 1;
    %delay 10000, 0;
    %pushi/vec4 1, 0, 4;
    %store/vec4 v00000183EEE29AF0_0, 0, 4;
    %pushi/vec4 1, 0, 1;
    %store/vec4 v00000183EEE29C30_0, 0, 1;
    %delay 10000, 0;
    %pushi/vec4 3, 0, 4;
    %store/vec4 v00000183EEE29AF0_0, 0, 4;
    %pushi/vec4 0, 0, 1;
    %store/vec4 v00000183EEE29C30_0, 0, 1;
    %delay 10000, 0;
    %pushi/vec4 11, 0, 4;
    %store/vec4 v00000183EEE29AF0_0, 0, 4;
    %pushi/vec4 1, 0, 1;
    %store/vec4 v00000183EEE29C30_0, 0, 1;
    %delay 10000, 0;
    %pushi/vec4 11, 0, 4;
    %store/vec4 v00000183EEE29AF0_0, 0, 4;
    %pushi/vec4 0, 0, 1;
    %store/vec4 v00000183EEE29C30_0, 0, 1;
    %delay 10000, 0;
    %pushi/vec4 15, 0, 4;
    %store/vec4 v00000183EEE29AF0_0, 0, 4;
    %pushi/vec4 0, 0, 1;
    %store/vec4 v00000183EEE29C30_0, 0, 1;
    %delay 10000, 0;
    %pushi/vec4 15, 0, 4;
    %store/vec4 v00000183EEE29AF0_0, 0, 4;
    %pushi/vec4 1, 0, 1;
    %store/vec4 v00000183EEE29C30_0, 0, 1;
    %delay 10000, 0;
    %vpi_call 2 98 "$finish" {0 0 0};
    %end;
    .thread T_1;
# The file index is used to find the file name in the following table.
:file_names 4;
    "N/A";
    "<interactive>";
    "testbench.v";
    "module.v";
